stm32l0xx_hal_rcc_ex.c:120:19:HAL_RCCEx_PeriphCLKConfig	32	static
stm32l0xx_hal_rcc_ex.c:317:6:HAL_RCCEx_GetPeriphCLKConfig	24	static
stm32l0xx_hal_rcc_ex.c:395:10:HAL_RCCEx_GetPeriphCLKFreq	32	static
stm32l0xx_hal_rcc_ex.c:695:6:HAL_RCCEx_EnableLSECSS	8	static
stm32l0xx_hal_rcc_ex.c:707:6:HAL_RCCEx_DisableLSECSS	8	static
stm32l0xx_hal_rcc_ex.c:721:6:HAL_RCCEx_EnableLSECSS_IT	8	static
stm32l0xx_hal_rcc_ex.c:738:6:HAL_RCCEx_LSECSS_IRQHandler	8	static
stm32l0xx_hal_rcc_ex.c:755:13:HAL_RCCEx_LSECSS_Callback	8	static
