Archive member included to satisfy reference by file (symbol)

c:/program files (x86)/atollic/truestudio for stm32 9.0.1/armtools/bin/../lib/gcc/arm-atollic-eabi/6.3.1/../../../../arm-atollic-eabi/lib/armv6-m\libc_nano.a(lib_a-init.o)
                              startup\startup_stm32l051xx.o (__libc_init_array)
c:/program files (x86)/atollic/truestudio for stm32 9.0.1/armtools/bin/../lib/gcc/arm-atollic-eabi/6.3.1/../../../../arm-atollic-eabi/lib/armv6-m\libc_nano.a(lib_a-memset.o)
                              Drivers\STM32L0xx_HAL_Driver\Src\stm32l0xx_hal_rcc.o (memset)
c:/program files (x86)/atollic/truestudio for stm32 9.0.1/armtools/bin/../lib/gcc/arm-atollic-eabi/6.3.1/../../../../arm-atollic-eabi/lib/armv6-m\libc_nano.a(lib_a-printf.o)
                              Src\main.o (printf)
c:/program files (x86)/atollic/truestudio for stm32 9.0.1/armtools/bin/../lib/gcc/arm-atollic-eabi/6.3.1/../../../../arm-atollic-eabi/lib/armv6-m\libc_nano.a(lib_a-findfp.o)
                              c:/program files (x86)/atollic/truestudio for stm32 9.0.1/armtools/bin/../lib/gcc/arm-atollic-eabi/6.3.1/../../../../arm-atollic-eabi/lib/armv6-m\libc_nano.a(lib_a-printf.o) (__sinit)
c:/program files (x86)/atollic/truestudio for stm32 9.0.1/armtools/bin/../lib/gcc/arm-atollic-eabi/6.3.1/../../../../arm-atollic-eabi/lib/armv6-m\libc_nano.a(lib_a-fwalk.o)
                              c:/program files (x86)/atollic/truestudio for stm32 9.0.1/armtools/bin/../lib/gcc/arm-atollic-eabi/6.3.1/../../../../arm-atollic-eabi/lib/armv6-m\libc_nano.a(lib_a-findfp.o) (_fwalk)
c:/program files (x86)/atollic/truestudio for stm32 9.0.1/armtools/bin/../lib/gcc/arm-atollic-eabi/6.3.1/../../../../arm-atollic-eabi/lib/armv6-m\libc_nano.a(lib_a-impure.o)
                              c:/program files (x86)/atollic/truestudio for stm32 9.0.1/armtools/bin/../lib/gcc/arm-atollic-eabi/6.3.1/../../../../arm-atollic-eabi/lib/armv6-m\libc_nano.a(lib_a-findfp.o) (_global_impure_ptr)
c:/program files (x86)/atollic/truestudio for stm32 9.0.1/armtools/bin/../lib/gcc/arm-atollic-eabi/6.3.1/../../../../arm-atollic-eabi/lib/armv6-m\libc_nano.a(lib_a-nano-mallocr.o)
                              c:/program files (x86)/atollic/truestudio for stm32 9.0.1/armtools/bin/../lib/gcc/arm-atollic-eabi/6.3.1/../../../../arm-atollic-eabi/lib/armv6-m\libc_nano.a(lib_a-findfp.o) (_malloc_r)
c:/program files (x86)/atollic/truestudio for stm32 9.0.1/armtools/bin/../lib/gcc/arm-atollic-eabi/6.3.1/../../../../arm-atollic-eabi/lib/armv6-m\libc_nano.a(lib_a-nano-vfprintf.o)
                              c:/program files (x86)/atollic/truestudio for stm32 9.0.1/armtools/bin/../lib/gcc/arm-atollic-eabi/6.3.1/../../../../arm-atollic-eabi/lib/armv6-m\libc_nano.a(lib_a-printf.o) (_vfprintf_r)
c:/program files (x86)/atollic/truestudio for stm32 9.0.1/armtools/bin/../lib/gcc/arm-atollic-eabi/6.3.1/../../../../arm-atollic-eabi/lib/armv6-m\libc_nano.a(lib_a-nano-vfprintf_i.o)
                              c:/program files (x86)/atollic/truestudio for stm32 9.0.1/armtools/bin/../lib/gcc/arm-atollic-eabi/6.3.1/../../../../arm-atollic-eabi/lib/armv6-m\libc_nano.a(lib_a-nano-vfprintf.o) (_printf_i)
c:/program files (x86)/atollic/truestudio for stm32 9.0.1/armtools/bin/../lib/gcc/arm-atollic-eabi/6.3.1/../../../../arm-atollic-eabi/lib/armv6-m\libc_nano.a(lib_a-sbrkr.o)
                              c:/program files (x86)/atollic/truestudio for stm32 9.0.1/armtools/bin/../lib/gcc/arm-atollic-eabi/6.3.1/../../../../arm-atollic-eabi/lib/armv6-m\libc_nano.a(lib_a-nano-mallocr.o) (_sbrk_r)
c:/program files (x86)/atollic/truestudio for stm32 9.0.1/armtools/bin/../lib/gcc/arm-atollic-eabi/6.3.1/../../../../arm-atollic-eabi/lib/armv6-m\libc_nano.a(lib_a-stdio.o)
                              c:/program files (x86)/atollic/truestudio for stm32 9.0.1/armtools/bin/../lib/gcc/arm-atollic-eabi/6.3.1/../../../../arm-atollic-eabi/lib/armv6-m\libc_nano.a(lib_a-findfp.o) (__sread)
c:/program files (x86)/atollic/truestudio for stm32 9.0.1/armtools/bin/../lib/gcc/arm-atollic-eabi/6.3.1/../../../../arm-atollic-eabi/lib/armv6-m\libc_nano.a(lib_a-wbuf.o)
                              c:/program files (x86)/atollic/truestudio for stm32 9.0.1/armtools/bin/../lib/gcc/arm-atollic-eabi/6.3.1/../../../../arm-atollic-eabi/lib/armv6-m\libc_nano.a(lib_a-nano-vfprintf.o) (__swbuf_r)
c:/program files (x86)/atollic/truestudio for stm32 9.0.1/armtools/bin/../lib/gcc/arm-atollic-eabi/6.3.1/../../../../arm-atollic-eabi/lib/armv6-m\libc_nano.a(lib_a-writer.o)
                              c:/program files (x86)/atollic/truestudio for stm32 9.0.1/armtools/bin/../lib/gcc/arm-atollic-eabi/6.3.1/../../../../arm-atollic-eabi/lib/armv6-m\libc_nano.a(lib_a-stdio.o) (_write_r)
c:/program files (x86)/atollic/truestudio for stm32 9.0.1/armtools/bin/../lib/gcc/arm-atollic-eabi/6.3.1/../../../../arm-atollic-eabi/lib/armv6-m\libc_nano.a(lib_a-wsetup.o)
[...]
Memory Configuration

Name             Origin             Length             Attributes
RAM              0x20000000         0x00002000         xrw
FLASH            0x08000000         0x00010000         xr
*default*        0x00000000         0xffffffff

Linker script and memory map

LOAD c:/program files (x86)/atollic/truestudio for stm32 9.0.1/armtools/bin/../lib/gcc/arm-atollic-eabi/6.3.1/armv6-m/crti.o
LOAD c:/program files (x86)/atollic/truestudio for stm32 9.0.1/armtools/bin/../lib/gcc/arm-atollic-eabi/6.3.1/armv6-m/crtbegin.o
LOAD Drivers\SDCard\sdcard.o
LOAD Drivers\STM32L0xx_HAL_Driver\Src\stm32l0xx_hal.o
LOAD Drivers\STM32L0xx_HAL_Driver\Src\stm32l0xx_hal_cortex.o
LOAD Drivers\STM32L0xx_HAL_Driver\Src\stm32l0xx_hal_dma.o
LOAD Drivers\STM32L0xx_HAL_Driver\Src\stm32l0xx_hal_flash.o
LOAD Drivers\STM32L0xx_HAL_Driver\Src\stm32l0xx_hal_flash_ex.o
LOAD Drivers\STM32L0xx_HAL_Driver\Src\stm32l0xx_hal_flash_ramfunc.o
LOAD Drivers\STM32L0xx_HAL_Driver\Src\stm32l0xx_hal_gpio.o
LOAD Drivers\STM32L0xx_HAL_Driver\Src\stm32l0xx_hal_i2c.o
LOAD Drivers\STM32L0xx_HAL_Driver\Src\stm32l0xx_hal_i2c_ex.o
LOAD Drivers\STM32L0xx_HAL_Driver\Src\stm32l0xx_hal_pwr.o
LOAD Drivers\STM32L0xx_HAL_Driver\Src\stm32l0xx_hal_pwr_ex.o
LOAD Drivers\STM32L0xx_HAL_Driver\Src\stm32l0xx_hal_rcc.o
LOAD Drivers\STM32L0xx_HAL_Driver\Src\stm32l0xx_hal_rcc_ex.o
LOAD Drivers\STM32L0xx_HAL_Driver\Src\stm32l0xx_hal_rtc.o
LOAD Drivers\STM32L0xx_HAL_Driver\Src\stm32l0xx_hal_rtc_ex.o
LOAD Drivers\STM32L0xx_HAL_Driver\Src\stm32l0xx_hal_spi.o
LOAD Drivers\STM32L0xx_HAL_Driver\Src\stm32l0xx_hal_tim.o
LOAD Drivers\STM32L0xx_HAL_Driver\Src\stm32l0xx_hal_tim_ex.o
LOAD Drivers\STM32L0xx_HAL_Driver\Src\stm32l0xx_hal_uart.o
LOAD Drivers\STM32L0xx_HAL_Driver\Src\stm32l0xx_hal_uart_ex.o
LOAD Middlewares\Third_Party\FatFs\src\diskio.o
LOAD Middlewares\Third_Party\FatFs\src\ff.o
LOAD Middlewares\Third_Party\FatFs\src\ff_gen_drv.o
LOAD Middlewares\Third_Party\FatFs\src\option\syscall.o
LOAD Middlewares\UartConsole\uart_console.o
LOAD Src\SchedNonOS.o
LOAD Src\fatfs.o
LOAD Src\main.o
LOAD Src\sdcard_spi.o
LOAD Src\stm32l0xx_hal_msp.o
LOAD Src\stm32l0xx_it.o
LOAD Src\system_stm32l0xx.o
LOAD Src\user_diskio.o
LOAD libs\ExProtocol\fifo8.o
LOAD libs\crc\crc16.o
LOAD libs\crc\crc32.o
LOAD libs\crc\crc8.o
LOAD libs\crc\crcccitt.o
LOAD libs\crc\crcdnp.o
LOAD libs\crc\crckrmit.o
LOAD libs\crc\crcsick.o
LOAD libs\datetime\date_time.o
LOAD startup\startup_stm32l051xx.o
                0x00000080                malloc_getpagesize_P = 0x80
START GROUP
LOAD c:/program files (x86)/atollic/truestudio for stm32 9.0.1/armtools/bin/../lib/gcc/arm-atollic-eabi/6.3.1/../../../../arm-atollic-eabi/lib/armv6-m\libc_nano.a
LOAD c:/program files (x86)/atollic/truestudio for stm32 9.0.1/armtools/bin/../lib/gcc/arm-atollic-eabi/6.3.1/../../../../arm-atollic-eabi/lib/armv6-m\libm.a
END GROUP
START GROUP
LOAD c:/program files (x86)/atollic/truestudio for stm32 9.0.1/armtools/bin/../lib/gcc/arm-atollic-eabi/6.3.1/armv6-m\libgcc.a
LOAD c:/program files (x86)/atollic/truestudio for stm32 9.0.1/armtools/bin/../lib/gcc/arm-atollic-eabi/6.3.1/../../../../arm-atollic-eabi/lib/armv6-m\libc_nano.a
END GROUP
START GROUP
LOAD c:/program files (x86)/atollic/truestudio for stm32 9.0.1/armtools/bin/../lib/gcc/arm-atollic-eabi/6.3.1/armv6-m\libgcc.a
LOAD c:/program files (x86)/atollic/truestudio for stm32 9.0.1/armtools/bin/../lib/gcc/arm-atollic-eabi/6.3.1/../../../../arm-atollic-eabi/lib/armv6-m\libc_nano.a
LOAD c:/program files (x86)/atollic/truestudio for stm32 9.0.1/armtools/bin/../lib/gcc/arm-atollic-eabi/6.3.1/../../../../arm-atollic-eabi/lib/armv6-m\libnosys.a
END GROUP
START GROUP
LOAD c:/program files (x86)/atollic/truestudio for stm32 9.0.1/armtools/bin/../lib/gcc/arm-atollic-eabi/6.3.1/armv6-m\libgcc.a
LOAD c:/program files (x86)/atollic/truestudio for stm32 9.0.1/armtools/bin/../lib/gcc/arm-atollic-eabi/6.3.1/../../../../arm-atollic-eabi/lib/armv6-m\libc_nano.a
LOAD c:/program files (x86)/atollic/truestudio for stm32 9.0.1/armtools/bin/../lib/gcc/arm-atollic-eabi/6.3.1/../../../../arm-atollic-eabi/lib/armv6-m\libnosys.a
END GROUP
LOAD c:/program files (x86)/atollic/truestudio for stm32 9.0.1/armtools/bin/../lib/gcc/arm-atollic-eabi/6.3.1/armv6-m/crtend.o
LOAD c:/program files (x86)/atollic/truestudio for stm32 9.0.1/armtools/bin/../lib/gcc/arm-atollic-eabi/6.3.1/armv6-m/crtn.o
                0x20002000                _estack = 0x20002000
                0x00000200                _Min_Heap_Size = 0x200
                0x00000400                _Min_Stack_Size = 0x400

.isr_vector     0x08000000       0xc0
                0x08000000                . = ALIGN (0x4)
 *(.isr_vector)
 .isr_vector    0x08000000       0xc0 startup\startup_stm32l051xx.o
                0x08000000                g_pfnVectors
                0x080000c0                . = ALIGN (0x4)

.text           0x080000c0     0xbf98
                0x080000c0                . = ALIGN (0x4)
 *(.text)
 .text          0x080000c0       0x48 c:/program files (x86)/atollic/truestudio for stm32 9.0.1/armtools/bin/../lib/gcc/arm-atollic-eabi/6.3.1/armv6-m/crtbegin.o
 .text          0x08000108      0x114 c:/program files (x86)/atollic/truestudio for stm32 9.0.1/armtools/bin/../lib/gcc/arm-atollic-eabi/6.3.1/armv6-m\libgcc.a(_udivsi3.o)
                0x08000108                __aeabi_uidiv
                0x08000108                __udivsi3
                0x08000214                __aeabi_uidivmod
 .text          0x0800021c        0x4 c:/program files (x86)/atollic/truestudio for stm32 9.0.1/armtools/bin/../lib/gcc/arm-atollic-eabi/6.3.1/armv6-m\libgcc.a(_dvmd_tls.o)
                0x0800021c                __aeabi_idiv0
                0x0800021c                __aeabi_ldiv0
 .text          0x08000220       0x40 c:/program files (x86)/atollic/truestudio for stm32 9.0.1/armtools/bin/../lib/gcc/arm-atollic-eabi/6.3.1/armv6-m\libgcc.a(_aeabi_uldivmod.o)
                0x08000220                __aeabi_uldivmod
 .text          0x08000260      0x180 c:/program files (x86)/atollic/truestudio for stm32 9.0.1/armtools/bin/../lib/gcc/arm-atollic-eabi/6.3.1/armv6-m\libgcc.a(_udivmoddi4.o)
                0x08000260                __udivmoddi4
 .text          0x080003e0       0x18 c:/program files (x86)/atollic/truestudio for stm32 9.0.1/armtools/bin/../lib/gcc/arm-atollic-eabi/6.3.1/armv6-m\libgcc.a(_clzdi2.o)
                0x080003e0                __clzdi2
 .text          0x080003f8       0x3c c:/program files (x86)/atollic/truestudio for stm32 9.0.1/armtools/bin/../lib/gcc/arm-atollic-eabi/6.3.1/armv6-m\libgcc.a(_clzsi2.o)
                0x080003f8                __clzsi2
 *(.text*)
 .text.SD_WaitReadyByCommand
                0x08000434       0x5e Drivers\SDCard\sdcard.o
                0x08000434                SD_WaitReadyByCommand
 .text.CRC7_one
                0x08000492       0x7a Drivers\SDCard\sdcard.o
 .text.CRC16_one
                0x0800050c       0x94 Drivers\SDCard\sdcard.o
 .text.CRC16_buf
                0x080005a0       0x52 Drivers\SDCard\sdcard.o
                0x080005a0                CRC16_buf
 *fill*         0x080005f2        0x2 
 .text.SD_SendRecv
                0x080005f4       0x4c Drivers\SDCard\sdcard.o
                0x080005f4                SD_SendRecv
 .text.SD_SendCmd
                0x08000640      0x140 Drivers\SDCard\sdcard.o
                0x08000640                SD_SendCmd
 .text.SD_SendCmd_2
                0x08000780      0x19e Drivers\SDCard\sdcard.o
                0x08000780                SD_SendCmd_2
 *fill*         0x0800091e        0x2 
 .text.SD_CardInit
                0x08000920      0x2c8 Drivers\SDCard\sdcard.o
                0x08000920                SD_CardInit
 .text.SD_Read_CSD
                0x08000be8      0x1f4 Drivers\SDCard\sdcard.o
                0x08000be8                SD_Read_CSD
 .text.SD_Read_CID
                0x08000ddc      0x120 Drivers\SDCard\sdcard.o
                0x08000ddc                SD_Read_CID
 .text.SD_Read_Block
                0x08000efc      0x16c Drivers\SDCard\sdcard.o
                0x08000efc                SD_Read_Block
 .text.SD_Write_Block
                0x08001068      0x198 Drivers\SDCard\sdcard.o
                0x08001068                SD_Write_Block
 .text.SD_WriteMultiBlock
                0x08001200      0x1c8 Drivers\SDCard\sdcard.o
                0x08001200                SD_WriteMultiBlock
 .text.SD_ReadMultiBlock
                0x080013c8      0x19c Drivers\SDCard\sdcard.o
                0x080013c8                SD_ReadMultiBlock
 .text.HAL_Init
                0x08001564       0x28 Drivers\STM32L0xx_HAL_Driver\Src\stm32l0xx_hal.o
                0x08001564                HAL_Init
 .text.HAL_InitTick
                0x0800158c       0x3c Drivers\STM32L0xx_HAL_Driver\Src\stm32l0xx_hal.o
                0x0800158c                HAL_InitTick
 .text.HAL_IncTick
                0x080015c8       0x18 Drivers\STM32L0xx_HAL_Driver\Src\stm32l0xx_hal.o
                0x080015c8                HAL_IncTick
 .text.HAL_GetTick
                0x080015e0       0x14 Drivers\STM32L0xx_HAL_Driver\Src\stm32l0xx_hal.o
                0x080015e0                HAL_GetTick
 .text.NVIC_EnableIRQ
                0x080015f4       0x2c Drivers\STM32L0xx_HAL_Driver\Src\stm32l0xx_hal_cortex.o
 .text.NVIC_SetPriority
                0x08001620       0xdc Drivers\STM32L0xx_HAL_Driver\Src\stm32l0xx_hal_cortex.o
 .text.SysTick_Config
                0x080016fc       0x48 Drivers\STM32L0xx_HAL_Driver\Src\stm32l0xx_hal_cortex.o
 .text.HAL_NVIC_SetPriority
                0x08001744       0x40 Drivers\STM32L0xx_HAL_Driver\Src\stm32l0xx_hal_cortex.o
                0x08001744                HAL_NVIC_SetPriority
 .text.HAL_NVIC_EnableIRQ
                0x08001784       0x38 Drivers\STM32L0xx_HAL_Driver\Src\stm32l0xx_hal_cortex.o
                0x08001784                HAL_NVIC_EnableIRQ
 .text.HAL_SYSTICK_Config
                0x080017bc       0x1a Drivers\STM32L0xx_HAL_Driver\Src\stm32l0xx_hal_cortex.o
                0x080017bc                HAL_SYSTICK_Config
 *fill*         0x080017d6        0x2 
 .text.HAL_SYSTICK_CLKSourceConfig
                0x080017d8       0x54 Drivers\STM32L0xx_HAL_Driver\Src\stm32l0xx_hal_cortex.o
                0x080017d8                HAL_SYSTICK_CLKSourceConfig
 .text.HAL_SYSTICK_IRQHandler
                0x0800182c        0xe Drivers\STM32L0xx_HAL_Driver\Src\stm32l0xx_hal_cortex.o
                0x0800182c                HAL_SYSTICK_IRQHandler
 .text.HAL_SYSTICK_Callback
                0x0800183a        0xa Drivers\STM32L0xx_HAL_Driver\Src\stm32l0xx_hal_cortex.o
                0x0800183a                HAL_SYSTICK_Callback
 .text.HAL_DMA_Init
                0x08001844      0x394 Drivers\STM32L0xx_HAL_Driver\Src\stm32l0xx_hal_dma.o
                0x08001844                HAL_DMA_Init
 .text.HAL_DMA_Start_IT
                0x08001bd8       0xb8 Drivers\STM32L0xx_HAL_Driver\Src\stm32l0xx_hal_dma.o
                0x08001bd8                HAL_DMA_Start_IT
 .text.HAL_DMA_IRQHandler
                0x08001c90      0x3d4 Drivers\STM32L0xx_HAL_Driver\Src\stm32l0xx_hal_dma.o
                0x08001c90                HAL_DMA_IRQHandler
 .text.DMA_SetConfig
                0x08002064       0x48 Drivers\STM32L0xx_HAL_Driver\Src\stm32l0xx_hal_dma.o
 .text.HAL_GPIO_Init
                0x080020ac      0x54c Drivers\STM32L0xx_HAL_Driver\Src\stm32l0xx_hal_gpio.o
                0x080020ac                HAL_GPIO_Init
 .text.HAL_GPIO_WritePin
                0x080025f8       0xf0 Drivers\STM32L0xx_HAL_Driver\Src\stm32l0xx_hal_gpio.o
                0x080025f8                HAL_GPIO_WritePin
 .text.HAL_RCC_OscConfig
                0x080026e8      0x9e0 Drivers\STM32L0xx_HAL_Driver\Src\stm32l0xx_hal_rcc.o
                0x080026e8                HAL_RCC_OscConfig
 .text.HAL_RCC_ClockConfig
                0x080030c8      0x3bc Drivers\STM32L0xx_HAL_Driver\Src\stm32l0xx_hal_rcc.o
                0x080030c8                HAL_RCC_ClockConfig
 .text.HAL_RCC_GetSysClockFreq
                0x08003484       0xfc Drivers\STM32L0xx_HAL_Driver\Src\stm32l0xx_hal_rcc.o
                0x08003484                HAL_RCC_GetSysClockFreq
 .text.HAL_RCC_GetHCLKFreq
                0x08003580       0x14 Drivers\STM32L0xx_HAL_Driver\Src\stm32l0xx_hal_rcc.o
                0x08003580                HAL_RCC_GetHCLKFreq
 .text.HAL_RCC_GetPCLK1Freq
                0x08003594       0x2c Drivers\STM32L0xx_HAL_Driver\Src\stm32l0xx_hal_rcc.o
                0x08003594                HAL_RCC_GetPCLK1Freq
 .text.HAL_RCC_GetPCLK2Freq
                0x080035c0       0x2c Drivers\STM32L0xx_HAL_Driver\Src\stm32l0xx_hal_rcc.o
                0x080035c0                HAL_RCC_GetPCLK2Freq
 .text.RCC_SetFlashLatencyFromMSIRange
                0x080035ec       0xb0 Drivers\STM32L0xx_HAL_Driver\Src\stm32l0xx_hal_rcc.o
 .text.HAL_RCCEx_PeriphCLKConfig
                0x0800369c      0x3e8 Drivers\STM32L0xx_HAL_Driver\Src\stm32l0xx_hal_rcc_ex.o
                0x0800369c                HAL_RCCEx_PeriphCLKConfig
 .text.HAL_RCCEx_GetPeriphCLKFreq
                0x08003a84      0x2bc Drivers\STM32L0xx_HAL_Driver\Src\stm32l0xx_hal_rcc_ex.o
                0x08003a84                HAL_RCCEx_GetPeriphCLKFreq
 .text.HAL_RTC_Init
                0x08003d40      0x1f0 Drivers\STM32L0xx_HAL_Driver\Src\stm32l0xx_hal_rtc.o
                0x08003d40                HAL_RTC_Init
 .text.HAL_RTC_SetTime
                0x08003f30      0x328 Drivers\STM32L0xx_HAL_Driver\Src\stm32l0xx_hal_rtc.o
                0x08003f30                HAL_RTC_SetTime
 .text.HAL_RTC_GetTime
                0x08004258       0xdc Drivers\STM32L0xx_HAL_Driver\Src\stm32l0xx_hal_rtc.o
                0x08004258                HAL_RTC_GetTime
 .text.HAL_RTC_SetDate
                0x08004334      0x290 Drivers\STM32L0xx_HAL_Driver\Src\stm32l0xx_hal_rtc.o
                0x08004334                HAL_RTC_SetDate
 .text.HAL_RTC_GetDate
                0x080045c4       0xbc Drivers\STM32L0xx_HAL_Driver\Src\stm32l0xx_hal_rtc.o
                0x080045c4                HAL_RTC_GetDate
 .text.HAL_RTC_WaitForSynchro
                0x08004680       0x52 Drivers\STM32L0xx_HAL_Driver\Src\stm32l0xx_hal_rtc.o
                0x08004680                HAL_RTC_WaitForSynchro
 .text.RTC_EnterInitMode
                0x080046d2       0x58 Drivers\STM32L0xx_HAL_Driver\Src\stm32l0xx_hal_rtc.o
                0x080046d2                RTC_EnterInitMode
 .text.RTC_ByteToBcd2
                0x0800472a       0x42 Drivers\STM32L0xx_HAL_Driver\Src\stm32l0xx_hal_rtc.o
                0x0800472a                RTC_ByteToBcd2
 .text.RTC_Bcd2ToByte
                0x0800476c       0x3e Drivers\STM32L0xx_HAL_Driver\Src\stm32l0xx_hal_rtc.o
                0x0800476c                RTC_Bcd2ToByte
 *fill*         0x080047aa        0x2 
 .text.HAL_SPI_Init
                0x080047ac      0x28c Drivers\STM32L0xx_HAL_Driver\Src\stm32l0xx_hal_spi.o
                0x080047ac                HAL_SPI_Init
 .text.HAL_SPI_TransmitReceive
                0x08004a38      0x50c Drivers\STM32L0xx_HAL_Driver\Src\stm32l0xx_hal_spi.o
                0x08004a38                HAL_SPI_TransmitReceive
 .text.HAL_SPI_IRQHandler
                0x08004f44      0x15c Drivers\STM32L0xx_HAL_Driver\Src\stm32l0xx_hal_spi.o
                0x08004f44                HAL_SPI_IRQHandler
 .text.HAL_SPI_ErrorCallback
                0x080050a0       0x10 Drivers\STM32L0xx_HAL_Driver\Src\stm32l0xx_hal_spi.o
                0x080050a0                HAL_SPI_ErrorCallback
 .text.SPI_WaitOnFlagUntilTimeout
                0x080050b0      0x154 Drivers\STM32L0xx_HAL_Driver\Src\stm32l0xx_hal_spi.o
 .text.HAL_UART_Init
                0x08005204      0x118 Drivers\STM32L0xx_HAL_Driver\Src\stm32l0xx_hal_uart.o
                0x08005204                HAL_UART_Init
 .text.HAL_UART_Receive_DMA
                0x0800531c      0x110 Drivers\STM32L0xx_HAL_Driver\Src\stm32l0xx_hal_uart.o
                0x0800531c                HAL_UART_Receive_DMA
 .text.HAL_UART_RxHalfCpltCallback
                0x0800542c       0x10 Drivers\STM32L0xx_HAL_Driver\Src\stm32l0xx_hal_uart.o
                0x0800542c                HAL_UART_RxHalfCpltCallback
 .text.HAL_UART_ErrorCallback
                0x0800543c       0x10 Drivers\STM32L0xx_HAL_Driver\Src\stm32l0xx_hal_uart.o
                0x0800543c                HAL_UART_ErrorCallback
 .text.UART_SetConfig
                0x0800544c      0x7e4 Drivers\STM32L0xx_HAL_Driver\Src\stm32l0xx_hal_uart.o
                0x0800544c                UART_SetConfig
 .text.UART_AdvFeatureConfig
                0x08005c30      0x2f8 Drivers\STM32L0xx_HAL_Driver\Src\stm32l0xx_hal_uart.o
                0x08005c30                UART_AdvFeatureConfig
 .text.UART_CheckIdleState
                0x08005f28       0x94 Drivers\STM32L0xx_HAL_Driver\Src\stm32l0xx_hal_uart.o
                0x08005f28                UART_CheckIdleState
 .text.UART_WaitOnFlagUntilTimeout
                0x08005fbc       0x98 Drivers\STM32L0xx_HAL_Driver\Src\stm32l0xx_hal_uart.o
                0x08005fbc                UART_WaitOnFlagUntilTimeout
 .text.UART_EndTxTransfer
                0x08006054       0x28 Drivers\STM32L0xx_HAL_Driver\Src\stm32l0xx_hal_uart.o
 .text.UART_EndRxTransfer
                0x0800607c       0x3c Drivers\STM32L0xx_HAL_Driver\Src\stm32l0xx_hal_uart.o
 .text.UART_DMAReceiveCplt
                0x080060b8       0x70 Drivers\STM32L0xx_HAL_Driver\Src\stm32l0xx_hal_uart.o
 .text.UART_DMARxHalfCplt
                0x08006128       0x1e Drivers\STM32L0xx_HAL_Driver\Src\stm32l0xx_hal_uart.o
 .text.UART_DMAError
                0x08006146       0x7a Drivers\STM32L0xx_HAL_Driver\Src\stm32l0xx_hal_uart.o
 .text.disk_status
                0x080061c0       0x44 Middlewares\Third_Party\FatFs\src\diskio.o
                0x080061c0                disk_status
 .text.disk_initialize
                0x08006204       0x64 Middlewares\Third_Party\FatFs\src\diskio.o
                0x08006204                disk_initialize
 .text.disk_read
                0x08006268       0x54 Middlewares\Third_Party\FatFs\src\diskio.o
                0x08006268                disk_read
 .text.disk_write
                0x080062bc       0x54 Middlewares\Third_Party\FatFs\src\diskio.o
                0x080062bc                disk_write
 .text.disk_ioctl
                0x08006310       0x54 Middlewares\Third_Party\FatFs\src\diskio.o
                0x08006310                disk_ioctl
 .text.mem_cpy  0x08006364       0x38 Middlewares\Third_Party\FatFs\src\ff.o
 .text.mem_set  0x0800639c       0x30 Middlewares\Third_Party\FatFs\src\ff.o
 .text.mem_cmp  0x080063cc       0x4a Middlewares\Third_Party\FatFs\src\ff.o
 .text.chk_chr  0x08006416       0x32 Middlewares\Third_Party\FatFs\src\ff.o
 .text.chk_lock
                0x08006448       0xdc Middlewares\Third_Party\FatFs\src\ff.o
 .text.enq_lock
                0x08006524       0x40 Middlewares\Third_Party\FatFs\src\ff.o
 .text.inc_lock
                0x08006564      0x170 Middlewares\Third_Party\FatFs\src\ff.o
 .text.dec_lock
                0x080066d4       0xb0 Middlewares\Third_Party\FatFs\src\ff.o
 .text.clear_lock
                0x08006784       0x4c Middlewares\Third_Party\FatFs\src\ff.o
 .text.sync_window
                0x080067d0       0xb0 Middlewares\Third_Party\FatFs\src\ff.o
 .text.move_window
                0x08006880       0x78 Middlewares\Third_Party\FatFs\src\ff.o
 .text.sync_fs  0x080068f8      0x1a8 Middlewares\Third_Party\FatFs\src\ff.o
 .text.clust2sect
                0x08006aa0       0x48 Middlewares\Third_Party\FatFs\src\ff.o
                0x08006aa0                clust2sect
 .text.get_fat  0x08006ae8      0x17e Middlewares\Third_Party\FatFs\src\ff.o
                0x08006ae8                get_fat
 .text.put_fat  0x08006c66      0x260 Middlewares\Third_Party\FatFs\src\ff.o
                0x08006c66                put_fat
 *fill*         0x08006ec6        0x2 
 .text.remove_chain
                0x08006ec8       0xe4 Middlewares\Third_Party\FatFs\src\ff.o
 .text.create_chain
                0x08006fac      0x170 Middlewares\Third_Party\FatFs\src\ff.o
 .text.clmt_clust
                0x0800711c       0x74 Middlewares\Third_Party\FatFs\src\ff.o
 .text.dir_sdi  0x08007190      0x160 Middlewares\Third_Party\FatFs\src\ff.o
 .text.dir_next
                0x080072f0      0x238 Middlewares\Third_Party\FatFs\src\ff.o
 .text.dir_alloc
                0x08007528       0xc2 Middlewares\Third_Party\FatFs\src\ff.o
 .text.ld_clust
                0x080075ea       0x5a Middlewares\Third_Party\FatFs\src\ff.o
 .text.st_clust
                0x08007644       0x4a Middlewares\Third_Party\FatFs\src\ff.o
 .text.dir_find
                0x0800768e       0xd2 Middlewares\Third_Party\FatFs\src\ff.o
 .text.dir_register
                0x08007760       0x94 Middlewares\Third_Party\FatFs\src\ff.o
 .text.create_name
                0x080077f4      0x220 Middlewares\Third_Party\FatFs\src\ff.o
 .text.follow_path
                0x08007a14      0x11c Middlewares\Third_Party\FatFs\src\ff.o
 .text.get_ldnumber
                0x08007b30       0x84 Middlewares\Third_Party\FatFs\src\ff.o
 .text.check_fs
                0x08007bb4       0xdc Middlewares\Third_Party\FatFs\src\ff.o
 .text.find_volume
                0x08007c90      0x648 Middlewares\Third_Party\FatFs\src\ff.o
 .text.validate
                0x080082d8       0x7c Middlewares\Third_Party\FatFs\src\ff.o
 .text.f_mount  0x08008354       0xa4 Middlewares\Third_Party\FatFs\src\ff.o
                0x08008354                f_mount
 .text.f_open   0x080083f8      0x5cc Middlewares\Third_Party\FatFs\src\ff.o
                0x080083f8                f_open
 .text.f_write  0x080089c4      0x3dc Middlewares\Third_Party\FatFs\src\ff.o
                0x080089c4                f_write
 .text.f_sync   0x08008da0      0x1b0 Middlewares\Third_Party\FatFs\src\ff.o
                0x08008da0                f_sync
 .text.f_close  0x08008f50       0x74 Middlewares\Third_Party\FatFs\src\ff.o
                0x08008f50                f_close
 .text.f_lseek  0x08008fc4      0x55c Middlewares\Third_Party\FatFs\src\ff.o
                0x08008fc4                f_lseek
 .text.putc_bfd
                0x08009520       0x82 Middlewares\Third_Party\FatFs\src\ff.o
 .text.f_putc   0x080095a2       0x8c Middlewares\Third_Party\FatFs\src\ff.o
                0x080095a2                f_putc
 .text.f_puts   0x0800962e       0x96 Middlewares\Third_Party\FatFs\src\ff.o
                0x0800962e                f_puts
 .text.f_printf
                0x080096c4      0x48c Middlewares\Third_Party\FatFs\src\ff.o
                0x080096c4                f_printf
 .text.FATFS_LinkDriverEx
                0x08009b50       0xb0 Middlewares\Third_Party\FatFs\src\ff_gen_drv.o
                0x08009b50                FATFS_LinkDriverEx
 .text.FATFS_LinkDriver
                0x08009c00       0x20 Middlewares\Third_Party\FatFs\src\ff_gen_drv.o
                0x08009c00                FATFS_LinkDriver
 .text.NonOS_sheduler
                0x08009c20      0x2f0 Src\SchedNonOS.o
                0x08009c20                NonOS_sheduler
 .text.MX_FATFS_Init
                0x08009f10       0x2c Src\fatfs.o
                0x08009f10                MX_FATFS_Init
 .text.get_fattime
                0x08009f3c       0x98 Src\fatfs.o
                0x08009f3c                get_fattime
 .text.f_open_write_append
                0x08009fd4       0x62 Src\fatfs.o
                0x08009fd4                f_open_write_append
 *fill*         0x0800a036        0x2 
 .text.HAL_UART_RxCpltCallback
                0x0800a038       0xa0 Src\main.o
                0x0800a038                HAL_UART_RxCpltCallback
 .text.main     0x0800a0d8       0x9c Src\main.o
                0x0800a0d8                main
 .text.SystemClock_Config
                0x0800a174      0x138 Src\main.o
                0x0800a174                SystemClock_Config
 .text.MX_LPUART1_UART_Init
                0x0800a2ac       0x70 Src\main.o
 .text.MX_USART1_UART_Init
                0x0800a31c       0x70 Src\main.o
 .text.MX_USART2_UART_Init
                0x0800a38c       0x70 Src\main.o
 .text.MX_RTC_Init
                0x0800a3fc       0xdc Src\main.o
 .text.MX_SPI1_Init
                0x0800a4d8       0x7c Src\main.o
 .text.MX_DMA_Init
                0x0800a554       0x4c Src\main.o
 .text.MX_GPIO_Init
                0x0800a5a0       0xec Src\main.o
 .text._Error_Handler
                0x0800a68c        0xc Src\main.o
                0x0800a68c                _Error_Handler
 .text.assert_failed
                0x0800a698       0x1c Src\main.o
                0x0800a698                assert_failed
 .text.TM_SPI_Send
                0x0800a6b4       0x38 Src\sdcard_spi.o
 .text.wait_ready
                0x0800a6ec       0x60 Src\sdcard_spi.o
 .text.deselect
                0x0800a74c       0x1e Src\sdcard_spi.o
 .text.sd_select
                0x0800a76a       0x36 Src\sdcard_spi.o
 .text.TM_FATFS_SD_disk_read
                0x0800a7a0       0x50 Src\sdcard_spi.o
                0x0800a7a0                TM_FATFS_SD_disk_read
 .text.TM_FATFS_SD_disk_write
                0x0800a7f0       0x50 Src\sdcard_spi.o
                0x0800a7f0                TM_FATFS_SD_disk_write
 .text.TM_FATFS_SD_disk_ioctl
                0x0800a840      0x1e0 Src\sdcard_spi.o
                0x0800a840                TM_FATFS_SD_disk_ioctl
 .text.HAL_MspInit
                0x0800aa20       0x54 Src\stm32l0xx_hal_msp.o
                0x0800aa20                HAL_MspInit
 .text.HAL_UART_MspInit
                0x0800aa74      0x240 Src\stm32l0xx_hal_msp.o
                0x0800aa74                HAL_UART_MspInit
 .text.HAL_RTC_MspInit
                0x0800acb4       0x30 Src\stm32l0xx_hal_msp.o
                0x0800acb4                HAL_RTC_MspInit
 .text.HAL_SPI_MspInit
                0x0800ace4       0x78 Src\stm32l0xx_hal_msp.o
                0x0800ace4                HAL_SPI_MspInit
 .text.NMI_Handler
                0x0800ad5c        0xa Src\stm32l0xx_it.o
                0x0800ad5c                NMI_Handler
 .text.HardFault_Handler
                0x0800ad66        0x6 Src\stm32l0xx_it.o
                0x0800ad66                HardFault_Handler
 .text.SVC_Handler
                0x0800ad6c        0xa Src\stm32l0xx_it.o
                0x0800ad6c                SVC_Handler
 .text.PendSV_Handler
                0x0800ad76        0xa Src\stm32l0xx_it.o
                0x0800ad76                PendSV_Handler
 .text.SysTick_Handler
                0x0800ad80       0x12 Src\stm32l0xx_it.o
                0x0800ad80                SysTick_Handler
 *fill*         0x0800ad92        0x2 
 .text.DMA1_Channel2_3_IRQHandler
                0x0800ad94       0x18 Src\stm32l0xx_it.o
                0x0800ad94                DMA1_Channel2_3_IRQHandler
 .text.DMA1_Channel4_5_6_7_IRQHandler
                0x0800adac       0x24 Src\stm32l0xx_it.o
                0x0800adac                DMA1_Channel4_5_6_7_IRQHandler
 .text.SPI1_IRQHandler
                0x0800add0       0x18 Src\stm32l0xx_it.o
                0x0800add0                SPI1_IRQHandler
 .text.SystemInit
                0x0800ade8       0x7c Src\system_stm32l0xx.o
                0x0800ade8                SystemInit
 .text.USER_initialize
                0x0800ae64       0x30 Src\user_diskio.o
                0x0800ae64                USER_initialize
 .text.USER_status
                0x0800ae94       0x24 Src\user_diskio.o
                0x0800ae94                USER_status
 .text.USER_read
                0x0800aeb8       0x54 Src\user_diskio.o
                0x0800aeb8                USER_read
 .text.USER_write
                0x0800af0c       0x54 Src\user_diskio.o
                0x0800af0c                USER_write
 .text.USER_ioctl
                0x0800af60       0x54 Src\user_diskio.o
                0x0800af60                USER_ioctl
 .text.FF8_Reset
                0x0800afb4       0x40 libs\ExProtocol\fifo8.o
                0x0800afb4                FF8_Reset
 .text.FF8_Push
                0x0800aff4       0x5e libs\ExProtocol\fifo8.o
                0x0800aff4                FF8_Push
 .text.FF8_Pop  0x0800b052       0x5c libs\ExProtocol\fifo8.o
                0x0800b052                FF8_Pop
 *fill*         0x0800b0ae        0x2 
 .text.Reset_Handler
                0x0800b0b0       0x50 startup\startup_stm32l051xx.o
                0x0800b0b0                Reset_Handler
 .text.Default_Handler
                0x0800b100        0x2 startup\startup_stm32l051xx.o
                0x0800b100                ADC1_COMP_IRQHandler
                0x0800b100                TIM6_IRQHandler
                0x0800b100                PVD_IRQHandler
                0x0800b100                I2C1_IRQHandler
                0x0800b100                EXTI2_3_IRQHandler
                0x0800b100                I2C2_IRQHandler
                0x0800b100                RTC_IRQHandler
                0x0800b100                EXTI4_15_IRQHandler
                0x0800b100                RCC_IRQHandler
                0x0800b100                DMA1_Channel1_IRQHandler
                0x0800b100                Default_Handler
                0x0800b100                TIM22_IRQHandler
                0x0800b100                EXTI0_1_IRQHandler
                0x0800b100                SPI2_IRQHandler
                0x0800b100                TIM21_IRQHandler
                0x0800b100                WWDG_IRQHandler
                0x0800b100                LPUART1_IRQHandler
                0x0800b100                TIM2_IRQHandler
                0x0800b100                USART2_IRQHandler
                0x0800b100                FLASH_IRQHandler
                0x0800b100                USART1_IRQHandler
                0x0800b100                LPTIM1_IRQHandler
 *fill*         0x0800b102        0x2 
 .text.__libc_init_array
                0x0800b104       0x48 c:/program files (x86)/atollic/truestudio for stm32 9.0.1/armtools/bin/../lib/gcc/arm-atollic-eabi/6.3.1/../../../../arm-atollic-eabi/lib/armv6-m\libc_nano.a(lib_a-init.o)
                0x0800b104                __libc_init_array
 .text.memset   0x0800b14c       0x10 c:/program files (x86)/atollic/truestudio for stm32 9.0.1/armtools/bin/../lib/gcc/arm-atollic-eabi/6.3.1/../../../../arm-atollic-eabi/lib/armv6-m\libc_nano.a(lib_a-memset.o)
                0x0800b14c                memset
 .text.printf   0x0800b15c       0x34 c:/program files (x86)/atollic/truestudio for stm32 9.0.1/armtools/bin/../lib/gcc/arm-atollic-eabi/6.3.1/../../../../arm-atollic-eabi/lib/armv6-m\libc_nano.a(lib_a-printf.o)
                0x0800b15c                iprintf
                0x0800b15c                printf
 .text._cleanup_r
                0x0800b190       0x10 c:/program files (x86)/atollic/truestudio for stm32 9.0.1/armtools/bin/../lib/gcc/arm-atollic-eabi/6.3.1/../../../../arm-atollic-eabi/lib/armv6-m\libc_nano.a(lib_a-findfp.o)
                0x0800b190                _cleanup_r
 .text.std.isra.0
                0x0800b1a0       0x48 c:/program files (x86)/atollic/truestudio for stm32 9.0.1/armtools/bin/../lib/gcc/arm-atollic-eabi/6.3.1/../../../../arm-atollic-eabi/lib/armv6-m\libc_nano.a(lib_a-findfp.o)
 .text.__sfmoreglue
                0x0800b1e8       0x2c c:/program files (x86)/atollic/truestudio for stm32 9.0.1/armtools/bin/../lib/gcc/arm-atollic-eabi/6.3.1/../../../../arm-atollic-eabi/lib/armv6-m\libc_nano.a(lib_a-findfp.o)
                0x0800b1e8                __sfmoreglue
 .text.__sinit  0x0800b214       0x68 c:/program files (x86)/atollic/truestudio for stm32 9.0.1/armtools/bin/../lib/gcc/arm-atollic-eabi/6.3.1/../../../../arm-atollic-eabi/lib/armv6-m\libc_nano.a(lib_a-findfp.o)
                0x0800b214                __sinit
 .text.__sfp    0x0800b27c       0x80 c:/program files (x86)/atollic/truestudio for stm32 9.0.1/armtools/bin/../lib/gcc/arm-atollic-eabi/6.3.1/../../../../arm-atollic-eabi/lib/armv6-m\libc_nano.a(lib_a-findfp.o)
                0x0800b27c                __sfp
 .text._fwalk_reent
                0x0800b2fc       0x42 c:/program files (x86)/atollic/truestudio for stm32 9.0.1/armtools/bin/../lib/gcc/arm-atollic-eabi/6.3.1/../../../../arm-atollic-eabi/lib/armv6-m\libc_nano.a(lib_a-fwalk.o)
                0x0800b2fc                _fwalk_reent
 *fill*         0x0800b33e        0x2 
 .text._malloc_r
                0x0800b340       0xbc c:/program files (x86)/atollic/truestudio for stm32 9.0.1/armtools/bin/../lib/gcc/arm-atollic-eabi/6.3.1/../../../../arm-atollic-eabi/lib/armv6-m\libc_nano.a(lib_a-nano-mallocr.o)
                0x0800b340                _malloc_r
 .text.__sfputc_r
                0x0800b3fc       0x2a c:/program files (x86)/atollic/truestudio for stm32 9.0.1/armtools/bin/../lib/gcc/arm-atollic-eabi/6.3.1/../../../../arm-atollic-eabi/lib/armv6-m\libc_nano.a(lib_a-nano-vfprintf.o)
 .text.__sfputs_r
                0x0800b426       0x24 c:/program files (x86)/atollic/truestudio for stm32 9.0.1/armtools/bin/../lib/gcc/arm-atollic-eabi/6.3.1/../../../../arm-atollic-eabi/lib/armv6-m\libc_nano.a(lib_a-nano-vfprintf.o)
                0x0800b426                __sfputs_r
 *fill*         0x0800b44a        0x2 
 .text._vfprintf_r
                0x0800b44c      0x238 c:/program files (x86)/atollic/truestudio for stm32 9.0.1/armtools/bin/../lib/gcc/arm-atollic-eabi/6.3.1/../../../../arm-atollic-eabi/lib/armv6-m\libc_nano.a(lib_a-nano-vfprintf.o)
                0x0800b44c                _vfprintf_r
                0x0800b44c                _vfiprintf_r
 .text._printf_common
                0x0800b684       0xda c:/program files (x86)/atollic/truestudio for stm32 9.0.1/armtools/bin/../lib/gcc/arm-atollic-eabi/6.3.1/../../../../arm-atollic-eabi/lib/armv6-m\libc_nano.a(lib_a-nano-vfprintf_i.o)
                0x0800b684                _printf_common
 *fill*         0x0800b75e        0x2 
 .text._printf_i
                0x0800b760      0x234 c:/program files (x86)/atollic/truestudio for stm32 9.0.1/armtools/bin/../lib/gcc/arm-atollic-eabi/6.3.1/../../../../arm-atollic-eabi/lib/armv6-m\libc_nano.a(lib_a-nano-vfprintf_i.o)
                0x0800b760                _printf_i
 .text._sbrk_r  0x0800b994       0x24 c:/program files (x86)/atollic/truestudio for stm32 9.0.1/armtools/bin/../lib/gcc/arm-atollic-eabi/6.3.1/../../../../arm-atollic-eabi/lib/armv6-m\libc_nano.a(lib_a-sbrkr.o)
                0x0800b994                _sbrk_r
 .text.__sread  0x0800b9b8       0x28 c:/program files (x86)/atollic/truestudio for stm32 9.0.1/armtools/bin/../lib/gcc/arm-atollic-eabi/6.3.1/../../../../arm-atollic-eabi/lib/armv6-m\libc_nano.a(lib_a-stdio.o)
                0x0800b9b8                __sread
 .text.__swrite
                0x0800b9e0       0x38 c:/program files (x86)/atollic/truestudio for stm32 9.0.1/armtools/bin/../lib/gcc/arm-atollic-eabi/6.3.1/../../../../arm-atollic-eabi/lib/armv6-m\libc_nano.a(lib_a-stdio.o)
                0x0800b9e0                __swrite
 .text.__sseek  0x0800ba18       0x2c c:/program files (x86)/atollic/truestudio for stm32 9.0.1/armtools/bin/../lib/gcc/arm-atollic-eabi/6.3.1/../../../../arm-atollic-eabi/lib/armv6-m\libc_nano.a(lib_a-stdio.o)
                0x0800ba18                __sseek
 .text.__sclose
                0x0800ba44        0xc c:/program files (x86)/atollic/truestudio for stm32 9.0.1/armtools/bin/../lib/gcc/arm-atollic-eabi/6.3.1/../../../../arm-atollic-eabi/lib/armv6-m\libc_nano.a(lib_a-stdio.o)
                0x0800ba44                __sclose
 .text.__swbuf_r
                0x0800ba50       0xac c:/program files (x86)/atollic/truestudio for stm32 9.0.1/armtools/bin/../lib/gcc/arm-atollic-eabi/6.3.1/../../../../arm-atollic-eabi/lib/armv6-m\libc_nano.a(lib_a-wbuf.o)
                0x0800ba50                __swbuf_r
 .text._write_r
                0x0800bafc       0x28 c:/program files (x86)/atollic/truestudio for stm32 9.0.1/armtools/bin/../lib/gcc/arm-atollic-eabi/6.3.1/../../../../arm-atollic-eabi/lib/armv6-m\libc_nano.a(lib_a-writer.o)
                0x0800bafc                _write_r
 .text.__swsetup_r
                0x0800bb24       0xec c:/program files (x86)/atollic/truestudio for stm32 9.0.1/armtools/bin/../lib/gcc/arm-atollic-eabi/6.3.1/../../../../arm-atollic-eabi/lib/armv6-m\libc_nano.a(lib_a-wsetup.o)
                0x0800bb24                __swsetup_r
 .text._close_r
                0x0800bc10       0x24 c:/program files (x86)/atollic/truestudio for stm32 9.0.1/armtools/bin/../lib/gcc/arm-atollic-eabi/6.3.1/../../../../arm-atollic-eabi/lib/armv6-m\libc_nano.a(lib_a-closer.o)
                0x0800bc10                _close_r
 .text.__sflush_r
                0x0800bc34      0x114 c:/program files (x86)/atollic/truestudio for stm32 9.0.1/armtools/bin/../lib/gcc/arm-atollic-eabi/6.3.1/../../../../arm-atollic-eabi/lib/armv6-m\libc_nano.a(lib_a-fflush.o)
                0x0800bc34                __sflush_r
 .text._fflush_r
                0x0800bd48       0x58 c:/program files (x86)/atollic/truestudio for stm32 9.0.1/armtools/bin/../lib/gcc/arm-atollic-eabi/6.3.1/../../../../arm-atollic-eabi/lib/armv6-m\libc_nano.a(lib_a-fflush.o)
                0x0800bd48                _fflush_r
 .text._lseek_r
                0x0800bda0       0x28 c:/program files (x86)/atollic/truestudio for stm32 9.0.1/armtools/bin/../lib/gcc/arm-atollic-eabi/6.3.1/../../../../arm-atollic-eabi/lib/armv6-m\libc_nano.a(lib_a-lseekr.o)
                0x0800bda0                _lseek_r
 .text.__swhatbuf_r
                0x0800bdc8       0x50 c:/program files (x86)/atollic/truestudio for stm32 9.0.1/armtools/bin/../lib/gcc/arm-atollic-eabi/6.3.1/../../../../arm-atollic-eabi/lib/armv6-m\libc_nano.a(lib_a-makebuf.o)
                0x0800bdc8                __swhatbuf_r
 .text.__smakebuf_r
                0x0800be18       0x88 c:/program files (x86)/atollic/truestudio for stm32 9.0.1/armtools/bin/../lib/gcc/arm-atollic-eabi/6.3.1/../../../../arm-atollic-eabi/lib/armv6-m\libc_nano.a(lib_a-makebuf.o)
                0x0800be18                __smakebuf_r
 .text.memchr   0x0800bea0       0x16 c:/program files (x86)/atollic/truestudio for stm32 9.0.1/armtools/bin/../lib/gcc/arm-atollic-eabi/6.3.1/../../../../arm-atollic-eabi/lib/armv6-m\libc_nano.a(lib_a-memchr-stub.o)
                0x0800bea0                memchr
 .text.__malloc_lock
                0x0800beb6        0x2 c:/program files (x86)/atollic/truestudio for stm32 9.0.1/armtools/bin/../lib/gcc/arm-atollic-eabi/6.3.1/../../../../arm-atollic-eabi/lib/armv6-m\libc_nano.a(lib_a-mlock.o)
                0x0800beb6                __malloc_lock
 .text.__malloc_unlock
                0x0800beb8        0x2 c:/program files (x86)/atollic/truestudio for stm32 9.0.1/armtools/bin/../lib/gcc/arm-atollic-eabi/6.3.1/../../../../arm-atollic-eabi/lib/armv6-m\libc_nano.a(lib_a-mlock.o)
                0x0800beb8                __malloc_unlock
 *fill*         0x0800beba        0x2 
 .text._free_r  0x0800bebc       0x94 c:/program files (x86)/atollic/truestudio for stm32 9.0.1/armtools/bin/../lib/gcc/arm-atollic-eabi/6.3.1/../../../../arm-atollic-eabi/lib/armv6-m\libc_nano.a(lib_a-nano-freer.o)
                0x0800bebc                _free_r
 .text._read_r  0x0800bf50       0x28 c:/program files (x86)/atollic/truestudio for stm32 9.0.1/armtools/bin/../lib/gcc/arm-atollic-eabi/6.3.1/../../../../arm-atollic-eabi/lib/armv6-m\libc_nano.a(lib_a-readr.o)
                0x0800bf50                _read_r
 .text._fstat_r
                0x0800bf78       0x24 c:/program files (x86)/atollic/truestudio for stm32 9.0.1/armtools/bin/../lib/gcc/arm-atollic-eabi/6.3.1/../../../../arm-atollic-eabi/lib/armv6-m\libc_nano.a(lib_a-fstatr.o)
                0x0800bf78                _fstat_r
 .text._isatty_r
                0x0800bf9c       0x24 c:/program files (x86)/atollic/truestudio for stm32 9.0.1/armtools/bin/../lib/gcc/arm-atollic-eabi/6.3.1/../../../../arm-atollic-eabi/lib/armv6-m\libc_nano.a(lib_a-isattyr.o)
                0x0800bf9c                _isatty_r
 .text._close   0x0800bfc0       0x10 c:/program files (x86)/atollic/truestudio for stm32 9.0.1/armtools/bin/../lib/gcc/arm-atollic-eabi/6.3.1/../../../../arm-atollic-eabi/lib/armv6-m\libnosys.a(close.o)
                0x0800bfc0                _close
 .text._fstat   0x0800bfd0       0x10 c:/program files (x86)/atollic/truestudio for stm32 9.0.1/armtools/bin/../lib/gcc/arm-atollic-eabi/6.3.1/../../../../arm-atollic-eabi/lib/armv6-m\libnosys.a(fstat.o)
                0x0800bfd0                _fstat
 .text._isatty  0x0800bfe0       0x10 c:/program files (x86)/atollic/truestudio for stm32 9.0.1/armtools/bin/../lib/gcc/arm-atollic-eabi/6.3.1/../../../../arm-atollic-eabi/lib/armv6-m\libnosys.a(isatty.o)
                0x0800bfe0                _isatty
 .text._lseek   0x0800bff0       0x10 c:/program files (x86)/atollic/truestudio for stm32 9.0.1/armtools/bin/../lib/gcc/arm-atollic-eabi/6.3.1/../../../../arm-atollic-eabi/lib/armv6-m\libnosys.a(lseek.o)
                0x0800bff0                _lseek
 .text._read    0x0800c000       0x10 c:/program files (x86)/atollic/truestudio for stm32 9.0.1/armtools/bin/../lib/gcc/arm-atollic-eabi/6.3.1/../../../../arm-atollic-eabi/lib/armv6-m\libnosys.a(read.o)
                0x0800c000                _read
 .text._sbrk    0x0800c010       0x20 c:/program files (x86)/atollic/truestudio for stm32 9.0.1/armtools/bin/../lib/gcc/arm-atollic-eabi/6.3.1/../../../../arm-atollic-eabi/lib/armv6-m\libnosys.a(sbrk.o)
                0x0800c010                _sbrk
 .text._write   0x0800c030       0x10 c:/program files (x86)/atollic/truestudio for stm32 9.0.1/armtools/bin/../lib/gcc/arm-atollic-eabi/6.3.1/../../../../arm-atollic-eabi/lib/armv6-m\libnosys.a(write.o)
                0x0800c030                _write
 *(.glue_7)
 .glue_7        0x0800c040        0x0 linker stubs
 *(.glue_7t)
 .glue_7t       0x0800c040        0x0 linker stubs
 *(.eh_frame)
 .eh_frame      0x0800c040        0x0 c:/program files (x86)/atollic/truestudio for stm32 9.0.1/armtools/bin/../lib/gcc/arm-atollic-eabi/6.3.1/armv6-m/crtbegin.o
 *(.init)
 .init          0x0800c040        0x4 c:/program files (x86)/atollic/truestudio for stm32 9.0.1/armtools/bin/../lib/gcc/arm-atollic-eabi/6.3.1/armv6-m/crti.o
                0x0800c040                _init
 .init          0x0800c044        0x8 c:/program files (x86)/atollic/truestudio for stm32 9.0.1/armtools/bin/../lib/gcc/arm-atollic-eabi/6.3.1/armv6-m/crtn.o
 *(.fini)
 .fini          0x0800c04c        0x4 c:/program files (x86)/atollic/truestudio for stm32 9.0.1/armtools/bin/../lib/gcc/arm-atollic-eabi/6.3.1/armv6-m/crti.o
                0x0800c04c                _fini
 .fini          0x0800c050        0x8 c:/program files (x86)/atollic/truestudio for stm32 9.0.1/armtools/bin/../lib/gcc/arm-atollic-eabi/6.3.1/armv6-m/crtn.o
                0x0800c058                . = ALIGN (0x4)
                0x0800c058                _etext = .

.vfp11_veneer   0x0800c058        0x0
 .vfp11_veneer  0x0800c058        0x0 linker stubs

.v4_bx          0x0800c058        0x0
 .v4_bx         0x0800c058        0x0 linker stubs

.iplt           0x0800c058        0x0
 .iplt          0x0800c058        0x0 c:/program files (x86)/atollic/truestudio for stm32 9.0.1/armtools/bin/../lib/gcc/arm-atollic-eabi/6.3.1/armv6-m/crtbegin.o

.rodata         0x0800c058      0x5c0
                0x0800c058                . = ALIGN (0x4)
 *(.rodata)
 .rodata        0x0800c058       0x3b Drivers\STM32L0xx_HAL_Driver\Src\stm32l0xx_hal_cortex.o
 *fill*         0x0800c093        0x1 
 .rodata        0x0800c094       0x38 Drivers\STM32L0xx_HAL_Driver\Src\stm32l0xx_hal_dma.o
 .rodata        0x0800c0cc       0x39 Drivers\STM32L0xx_HAL_Driver\Src\stm32l0xx_hal_gpio.o
 *fill*         0x0800c105        0x3 
 .rodata        0x0800c108       0x38 Drivers\STM32L0xx_HAL_Driver\Src\stm32l0xx_hal_rcc.o
 .rodata        0x0800c140       0x3b Drivers\STM32L0xx_HAL_Driver\Src\stm32l0xx_hal_rcc_ex.o
 *fill*         0x0800c17b        0x1 
 .rodata        0x0800c17c       0x38 Drivers\STM32L0xx_HAL_Driver\Src\stm32l0xx_hal_rtc.o
 .rodata        0x0800c1b4       0x38 Drivers\STM32L0xx_HAL_Driver\Src\stm32l0xx_hal_spi.o
 .rodata        0x0800c1ec       0x39 Drivers\STM32L0xx_HAL_Driver\Src\stm32l0xx_hal_uart.o
 *fill*         0x0800c225        0x3 
 .rodata        0x0800c228       0x44 Middlewares\Third_Party\FatFs\src\ff.o
 .rodata        0x0800c26c       0xaf Src\SchedNonOS.o
 *fill*         0x0800c31b        0x1 
 .rodata        0x0800c31c        0xf Src\fatfs.o
 *fill*         0x0800c32b        0x1 
 .rodata        0x0800c32c       0x3d Src\main.o
 *fill*         0x0800c369        0x3 
 .rodata        0x0800c36c       0x1b Src\stm32l0xx_hal_msp.o
 *fill*         0x0800c387        0x1 
 .rodata        0x0800c388       0x15 Src\user_diskio.o
 *(.rodata*)
 *fill*         0x0800c39d        0x3 
 .rodata.HAL_RCCEx_GetPeriphCLKFreq
                0x0800c3a0       0x84 Drivers\STM32L0xx_HAL_Driver\Src\stm32l0xx_hal_rcc_ex.o
 .rodata.UART_SetConfig
                0x0800c424       0x48 Drivers\STM32L0xx_HAL_Driver\Src\stm32l0xx_hal_uart.o
 .rodata.ExCvt  0x0800c46c       0x80 Middlewares\Third_Party\FatFs\src\ff.o
 .rodata.f_printf
                0x0800c4ec       0x5c Middlewares\Third_Party\FatFs\src\ff.o
 .rodata.TM_FATFS_SD_disk_ioctl
                0x0800c548       0x14 Src\sdcard_spi.o
 .rodata.AHBPrescTable
                0x0800c55c       0x10 Src\system_stm32l0xx.o
                0x0800c55c                AHBPrescTable
 .rodata.APBPrescTable
                0x0800c56c        0x8 Src\system_stm32l0xx.o
                0x0800c56c                APBPrescTable
 .rodata.PLLMulTable
                0x0800c574        0x9 Src\system_stm32l0xx.o
                0x0800c574                PLLMulTable
 *fill*         0x0800c57d        0x3 
 .rodata.__sf_fake_stderr
                0x0800c580       0x20 c:/program files (x86)/atollic/truestudio for stm32 9.0.1/armtools/bin/../lib/gcc/arm-atollic-eabi/6.3.1/../../../../arm-atollic-eabi/lib/armv6-m\libc_nano.a(lib_a-findfp.o)
                0x0800c580                __sf_fake_stderr
 .rodata.__sf_fake_stdin
                0x0800c5a0       0x20 c:/program files (x86)/atollic/truestudio for stm32 9.0.1/armtools/bin/../lib/gcc/arm-atollic-eabi/6.3.1/../../../../arm-atollic-eabi/lib/armv6-m\libc_nano.a(lib_a-findfp.o)
                0x0800c5a0                __sf_fake_stdin
 .rodata.__sf_fake_stdout
                0x0800c5c0       0x20 c:/program files (x86)/atollic/truestudio for stm32 9.0.1/armtools/bin/../lib/gcc/arm-atollic-eabi/6.3.1/../../../../arm-atollic-eabi/lib/armv6-m\libc_nano.a(lib_a-findfp.o)
                0x0800c5c0                __sf_fake_stdout
 .rodata._global_impure_ptr
                0x0800c5e0        0x4 c:/program files (x86)/atollic/truestudio for stm32 9.0.1/armtools/bin/../lib/gcc/arm-atollic-eabi/6.3.1/../../../../arm-atollic-eabi/lib/armv6-m\libc_nano.a(lib_a-impure.o)
                0x0800c5e0                _global_impure_ptr
 .rodata._vfprintf_r.str1.1
                0x0800c5e4       0x11 c:/program files (x86)/atollic/truestudio for stm32 9.0.1/armtools/bin/../lib/gcc/arm-atollic-eabi/6.3.1/../../../../arm-atollic-eabi/lib/armv6-m\libc_nano.a(lib_a-nano-vfprintf.o)
 .rodata._printf_i.str1.1
                0x0800c5f5       0x22 c:/program files (x86)/atollic/truestudio for stm32 9.0.1/armtools/bin/../lib/gcc/arm-atollic-eabi/6.3.1/../../../../arm-atollic-eabi/lib/armv6-m\libc_nano.a(lib_a-nano-vfprintf_i.o)
                0x0800c618                . = ALIGN (0x4)
 *fill*         0x0800c617        0x1 

.ARM.extab
 *(.ARM.extab* .gnu.linkonce.armextab.*)

.ARM            0x0800c618        0x8
                0x0800c618                __exidx_start = .
 *(.ARM.exidx*)
 .ARM.exidx     0x0800c618        0x8 c:/program files (x86)/atollic/truestudio for stm32 9.0.1/armtools/bin/../lib/gcc/arm-atollic-eabi/6.3.1/armv6-m\libgcc.a(_udivmoddi4.o)
                0x0800c620                __exidx_end = .

.rel.dyn        0x0800c620        0x0
 .rel.iplt      0x0800c620        0x0 c:/program files (x86)/atollic/truestudio for stm32 9.0.1/armtools/bin/../lib/gcc/arm-atollic-eabi/6.3.1/armv6-m/crtbegin.o

.preinit_array  0x0800c620        0x0
                0x0800c620                PROVIDE (__preinit_array_start, .)
 *(.preinit_array*)
                0x0800c620                PROVIDE (__preinit_array_end, .)

.init_array     0x0800c620        0x4
                0x0800c620                PROVIDE (__init_array_start, .)
 *(SORT(.init_array.*))
 *(.init_array*)
 .init_array    0x0800c620        0x4 c:/program files (x86)/atollic/truestudio for stm32 9.0.1/armtools/bin/../lib/gcc/arm-atollic-eabi/6.3.1/armv6-m/crtbegin.o
                0x0800c624                PROVIDE (__init_array_end, .)

.fini_array     0x0800c624        0x4
                [!provide]                PROVIDE (__fini_array_start, .)
 *(SORT(.fini_array.*))
 *(.fini_array*)
 .fini_array    0x0800c624        0x4 c:/program files (x86)/atollic/truestudio for stm32 9.0.1/armtools/bin/../lib/gcc/arm-atollic-eabi/6.3.1/armv6-m/crtbegin.o
                [!provide]                PROVIDE (__fini_array_end, .)
                0x0800c628                _sidata = LOADADDR (.data)

.data           0x20000000       0x80 load address 0x0800c628
                0x20000000                . = ALIGN (0x4)
                0x20000000                _sdata = .
 *(.data)
 *(.data*)
 .data.SystemCoreClock
                0x20000000        0x4 Src\system_stm32l0xx.o
                0x20000000                SystemCoreClock
 .data.Stat     0x20000004        0x1 Src\user_diskio.o
 *fill*         0x20000005        0x3 
 .data.USER_Driver
                0x20000008       0x14 Src\user_diskio.o
                0x20000008                USER_Driver
 .data._impure_ptr
                0x2000001c        0x4 c:/program files (x86)/atollic/truestudio for stm32 9.0.1/armtools/bin/../lib/gcc/arm-atollic-eabi/6.3.1/../../../../arm-atollic-eabi/lib/armv6-m\libc_nano.a(lib_a-impure.o)
                0x2000001c                _impure_ptr
 .data.impure_data
                0x20000020       0x60 c:/program files (x86)/atollic/truestudio for stm32 9.0.1/armtools/bin/../lib/gcc/arm-atollic-eabi/6.3.1/../../../../arm-atollic-eabi/lib/armv6-m\libc_nano.a(lib_a-impure.o)
                0x20000080                . = ALIGN (0x4)
                0x20000080                _edata = .

.igot.plt       0x20000080        0x0 load address 0x0800c6a8
 .igot.plt      0x20000080        0x0 c:/program files (x86)/atollic/truestudio for stm32 9.0.1/armtools/bin/../lib/gcc/arm-atollic-eabi/6.3.1/armv6-m/crtbegin.o
                0x20000080                . = ALIGN (0x4)

.bss            0x20000080     0x1620 load address 0x0800c6a8
                0x20000080                _sbss = .
                0x20000080                __bss_start__ = _sbss
 *(.bss)
 .bss           0x20000080       0x1c c:/program files (x86)/atollic/truestudio for stm32 9.0.1/armtools/bin/../lib/gcc/arm-atollic-eabi/6.3.1/armv6-m/crtbegin.o
 *(.bss*)
 .bss.SD_CardType
                0x2000009c        0x1 Drivers\SDCard\sdcard.o
                0x2000009c                SD_CardType
 .bss.SD_MaxBusClkFreq
                0x2000009d        0x1 Drivers\SDCard\sdcard.o
                0x2000009d                SD_MaxBusClkFreq
 *fill*         0x2000009e        0x2 
 .bss.FatFs     0x200000a0        0x4 Middlewares\Third_Party\FatFs\src\ff.o
 .bss.Fsid      0x200000a4        0x2 Middlewares\Third_Party\FatFs\src\ff.o
 *fill*         0x200000a6        0x2 
 .bss.Files     0x200000a8       0x18 Middlewares\Third_Party\FatFs\src\ff.o
 .bss.disk      0x200000c0        0xc Middlewares\Third_Party\FatFs\src\ff_gen_drv.o
                0x200000c0                disk
 .bss.g_bSemLPUART1
                0x200000cc        0x4 Src\SchedNonOS.o
                0x200000cc                g_bSemLPUART1
 .bss.g_bSemUART1
                0x200000d0        0x4 Src\SchedNonOS.o
                0x200000d0                g_bSemUART1
 .bss.g_bSemUART2
                0x200000d4        0x4 Src\SchedNonOS.o
                0x200000d4                g_bSemUART2
 .bss.cntOmapLog
                0x200000d8        0x4 Src\SchedNonOS.o
                0x200000d8                cntOmapLog
 .bss.cntSTmLog
                0x200000dc        0x4 Src\SchedNonOS.o
                0x200000dc                cntSTmLog
 .bss.__malloc_free_list
                0x200000e0        0x4 c:/program files (x86)/atollic/truestudio for stm32 9.0.1/armtools/bin/../lib/gcc/arm-atollic-eabi/6.3.1/../../../../arm-atollic-eabi/lib/armv6-m\libc_nano.a(lib_a-nano-mallocr.o)
                0x200000e0                __malloc_free_list
 .bss.__malloc_sbrk_start
                0x200000e4        0x4 c:/program files (x86)/atollic/truestudio for stm32 9.0.1/armtools/bin/../lib/gcc/arm-atollic-eabi/6.3.1/../../../../arm-atollic-eabi/lib/armv6-m\libc_nano.a(lib_a-nano-mallocr.o)
                0x200000e4                __malloc_sbrk_start
 .bss.heap_end.4116
                0x200000e8        0x4 c:/program files (x86)/atollic/truestudio for stm32 9.0.1/armtools/bin/../lib/gcc/arm-atollic-eabi/6.3.1/../../../../arm-atollic-eabi/lib/armv6-m\libnosys.a(sbrk.o)
 *(COMMON)
 COMMON         0x200000ec       0x2c Drivers\SDCard\sdcard.o
                0x200000ec                SD_CRC16_rcv
                0x200000f0                SD_CSD
                0x20000100                SD_CRC16_cmp
                0x20000104                SD_CardCapacity
                0x20000108                SD_CID
 COMMON         0x20000118        0x4 Drivers\STM32L0xx_HAL_Driver\Src\stm32l0xx_hal.o
                0x20000118                uwTick
 COMMON         0x2000011c        0x6 Src\SchedNonOS.o
                0x2000011c                byteSTM
                0x2000011d                byteOMAP
                0x2000011e                byteRecev
                0x2000011f                byteSTM_Old
                0x20000120                byteOMAP_Old
                0x20000121                result
 *fill*         0x20000122        0x2 
 COMMON         0x20000124      0x690 Src\fatfs.o
                0x20000124                USERPath
                0x20000128                STMLogFile
                0x20000354                retUSER
                0x20000358                USERFile
                0x20000584                USERFatFS
 COMMON         0x200007b4      0xee5 Src\main.o
                0x200007b4                lpuart1_rx
                0x200007b8                hdma_usart2_rx
                0x200007f8                ff8_uart2
                0x20000814                sTime
                0x20000828                ff8_uart2_buff
                0x20001028                uart1_rx
                0x2000102c                hlpuart1
                0x2000109c                hdma_usart1_rx
                0x200010dc                huart1
                0x2000114c                sDate
                0x20001150                hrtc
                0x20001174                hdma_lpuart1_rx
                0x200011b4                ff8_uart1
                0x200011d0                hspi1
                0x20001228                huart2
                0x20001298                ff8_uart1_buff
                0x20001698                uart2_rx
 *fill*         0x20001699        0x3 
 COMMON         0x2000169c        0x4 c:/program files (x86)/atollic/truestudio for stm32 9.0.1/armtools/bin/../lib/gcc/arm-atollic-eabi/6.3.1/../../../../arm-atollic-eabi/lib/armv6-m\libc_nano.a(lib_a-reent.o)
                0x2000169c                errno
                0x200016a0                . = ALIGN (0x4)
                0x200016a0                _ebss = .
                0x200016a0                __bss_end__ = _ebss

._user_heap_stack
                0x200016a0      0x600 load address 0x0800c6a8
                0x200016a0                . = ALIGN (0x4)
                0x200016a0                PROVIDE (end, .)
                [!provide]                PROVIDE (_end, .)
                0x200018a0                . = (. + _Min_Heap_Size)
 *fill*         0x200016a0      0x200 
                0x20001ca0                . = (. + _Min_Stack_Size)
 *fill*         0x200018a0      0x400 
                0x20001ca0                . = ALIGN (0x4)

/DISCARD/
 libc.a(*)
 libm.a(*)
 libgcc.a(*)

.ARM.attributes
                0x00000000       0x28
 *(.ARM.attributes)
 .ARM.attributes
                0x00000000       0x1e c:/program files (x86)/atollic/truestudio for stm32 9.0.1/armtools/bin/../lib/gcc/arm-atollic-eabi/6.3.1/armv6-m/crti.o
 .ARM.attributes
                0x0000001e       0x2c c:/program files (x86)/atollic/truestudio for stm32 9.0.1/armtools/bin/../lib/gcc/arm-atollic-eabi/6.3.1/armv6-m/crtbegin.o
 .ARM.attributes
                0x0000004a       0x32 Drivers\SDCard\sdcard.o
 .ARM.attributes
                0x0000007c       0x32 Drivers\STM32L0xx_HAL_Driver\Src\stm32l0xx_hal.o
 .ARM.attributes
                0x000000ae       0x32 Drivers\STM32L0xx_HAL_Driver\Src\stm32l0xx_hal_cortex.o
 .ARM.attributes
                0x000000e0       0x32 Drivers\STM32L0xx_HAL_Driver\Src\stm32l0xx_hal_dma.o
 .ARM.attributes
                0x00000112       0x32 Drivers\STM32L0xx_HAL_Driver\Src\stm32l0xx_hal_gpio.o
 .ARM.attributes
                0x00000144       0x32 Drivers\STM32L0xx_HAL_Driver\Src\stm32l0xx_hal_rcc.o
 .ARM.attributes
                0x00000176       0x32 Drivers\STM32L0xx_HAL_Driver\Src\stm32l0xx_hal_rcc_ex.o
 .ARM.attributes
                0x000001a8       0x32 Drivers\STM32L0xx_HAL_Driver\Src\stm32l0xx_hal_rtc.o
 .ARM.attributes
                0x000001da       0x32 Drivers\STM32L0xx_HAL_Driver\Src\stm32l0xx_hal_spi.o
 .ARM.attributes
                0x0000020c       0x32 Drivers\STM32L0xx_HAL_Driver\Src\stm32l0xx_hal_uart.o
 .ARM.attributes
                0x0000023e       0x32 Middlewares\Third_Party\FatFs\src\diskio.o
 .ARM.attributes
                0x00000270       0x32 Middlewares\Third_Party\FatFs\src\ff.o
 .ARM.attributes
                0x000002a2       0x32 Middlewares\Third_Party\FatFs\src\ff_gen_drv.o
 .ARM.attributes
                0x000002d4       0x32 Src\SchedNonOS.o
 .ARM.attributes
                0x00000306       0x32 Src\fatfs.o
 .ARM.attributes
                0x00000338       0x32 Src\main.o
 .ARM.attributes
                0x0000036a       0x32 Src\sdcard_spi.o
 .ARM.attributes
                0x0000039c       0x32 Src\stm32l0xx_hal_msp.o
 .ARM.attributes
                0x000003ce       0x32 Src\stm32l0xx_it.o
 .ARM.attributes
                0x00000400       0x32 Src\system_stm32l0xx.o
 .ARM.attributes
                0x00000432       0x32 Src\user_diskio.o
 .ARM.attributes
                0x00000464       0x32 libs\ExProtocol\fifo8.o
 .ARM.attributes
                0x00000496       0x22 startup\startup_stm32l051xx.o
 .ARM.attributes
                0x000004b8       0x2c c:/program files (x86)/atollic/truestudio for stm32 9.0.1/armtools/bin/../lib/gcc/arm-atollic-eabi/6.3.1/../../../../arm-atollic-eabi/lib/armv6-m\libc_nano.a(lib_a-init.o)
 .ARM.attributes
                0x000004e4       0x2c c:/program files (x86)/atollic/truestudio for stm32 9.0.1/armtools/bin/../lib/gcc/arm-atollic-eabi/6.3.1/../../../../arm-atollic-eabi/lib/armv6-m\libc_nano.a(lib_a-memset.o)
 .ARM.attributes
                0x00000510       0x2c c:/program files (x86)/atollic/truestudio for stm32 9.0.1/armtools/bin/../lib/gcc/arm-atollic-eabi/6.3.1/../../../../arm-atollic-eabi/lib/armv6-m\libc_nano.a(lib_a-printf.o)
 .ARM.attributes
                0x0000053c       0x2c c:/program files (x86)/atollic/truestudio for stm32 9.0.1/armtools/bin/../lib/gcc/arm-atollic-eabi/6.3.1/../../../../arm-atollic-eabi/lib/armv6-m\libc_nano.a(lib_a-findfp.o)
 .ARM.attributes
                0x00000568       0x2c c:/program files (x86)/atollic/truestudio for stm32 9.0.1/armtools/bin/../lib/gcc/arm-atollic-eabi/6.3.1/../../../../arm-atollic-eabi/lib/armv6-m\libc_nano.a(lib_a-fwalk.o)
 .ARM.attributes
                0x00000594       0x2c c:/program files (x86)/atollic/truestudio for stm32 9.0.1/armtools/bin/../lib/gcc/arm-atollic-eabi/6.3.1/../../../../arm-atollic-eabi/lib/armv6-m\libc_nano.a(lib_a-impure.o)
 .ARM.attributes
                0x000005c0       0x2c c:/program files (x86)/atollic/truestudio for stm32 9.0.1/armtools/bin/../lib/gcc/arm-atollic-eabi/6.3.1/../../../../arm-atollic-eabi/lib/armv6-m\libc_nano.a(lib_a-nano-mallocr.o)
 .ARM.attributes
                0x000005ec       0x2c c:/program files (x86)/atollic/truestudio for stm32 9.0.1/armtools/bin/../lib/gcc/arm-atollic-eabi/6.3.1/../../../../arm-atollic-eabi/lib/armv6-m\libc_nano.a(lib_a-nano-vfprintf.o)
 .ARM.attributes
                0x00000618       0x2c c:/program files (x86)/atollic/truestudio for stm32 9.0.1/armtools/bin/../lib/gcc/arm-atollic-eabi/6.3.1/../../../../arm-atollic-eabi/lib/armv6-m\libc_nano.a(lib_a-nano-vfprintf_i.o)
 .ARM.attributes
                0x00000644       0x2c c:/program files (x86)/atollic/truestudio for stm32 9.0.1/armtools/bin/../lib/gcc/arm-atollic-eabi/6.3.1/../../../../arm-atollic-eabi/lib/armv6-m\libc_nano.a(lib_a-sbrkr.o)
 .ARM.attributes
                0x00000670       0x2c c:/program files (x86)/atollic/truestudio for stm32 9.0.1/armtools/bin/../lib/gcc/arm-atollic-eabi/6.3.1/../../../../arm-atollic-eabi/lib/armv6-m\libc_nano.a(lib_a-stdio.o)
 .ARM.attributes
                0x0000069c       0x2c c:/program files (x86)/atollic/truestudio for stm32 9.0.1/armtools/bin/../lib/gcc/arm-atollic-eabi/6.3.1/../../../../arm-atollic-eabi/lib/armv6-m\libc_nano.a(lib_a-wbuf.o)
 .ARM.attributes
                0x000006c8       0x2c c:/program files (x86)/atollic/truestudio for stm32 9.0.1/armtools/bin/../lib/gcc/arm-atollic-eabi/6.3.1/../../../../arm-atollic-eabi/lib/armv6-m\libc_nano.a(lib_a-writer.o)
 .ARM.attributes
                0x000006f4       0x2c c:/program files (x86)/atollic/truestudio for stm32 9.0.1/armtools/bin/../lib/gcc/arm-atollic-eabi/6.3.1/../../../../arm-atollic-eabi/lib/armv6-m\libc_nano.a(lib_a-wsetup.o)
 .ARM.attributes
                0x00000720       0x2c c:/program files (x86)/atollic/truestudio for stm32 9.0.1/armtools/bin/../lib/gcc/arm-atollic-eabi/6.3.1/../../../../arm-atollic-eabi/lib/armv6-m\libc_nano.a(lib_a-closer.o)
 .ARM.attributes
                0x0000074c       0x2c c:/program files (x86)/atollic/truestudio for stm32 9.0.1/armtools/bin/../lib/gcc/arm-atollic-eabi/6.3.1/../../../../arm-atollic-eabi/lib/armv6-m\libc_nano.a(lib_a-fflush.o)
 .ARM.attributes
                0x00000778       0x2c c:/program files (x86)/atollic/truestudio for stm32 9.0.1/armtools/bin/../lib/gcc/arm-atollic-eabi/6.3.1/../../../../arm-atollic-eabi/lib/armv6-m\libc_nano.a(lib_a-lseekr.o)
 .ARM.attributes
                0x000007a4       0x2c c:/program files (x86)/atollic/truestudio for stm32 9.0.1/armtools/bin/../lib/gcc/arm-atollic-eabi/6.3.1/../../../../arm-atollic-eabi/lib/armv6-m\libc_nano.a(lib_a-makebuf.o)
 .ARM.attributes
                0x000007d0       0x2c c:/program files (x86)/atollic/truestudio for stm32 9.0.1/armtools/bin/../lib/gcc/arm-atollic-eabi/6.3.1/../../../../arm-atollic-eabi/lib/armv6-m\libc_nano.a(lib_a-memchr-stub.o)
 .ARM.attributes
                0x000007fc       0x2c c:/program files (x86)/atollic/truestudio for stm32 9.0.1/armtools/bin/../lib/gcc/arm-atollic-eabi/6.3.1/../../../../arm-atollic-eabi/lib/armv6-m\libc_nano.a(lib_a-mlock.o)
 .ARM.attributes
                0x00000828       0x2c c:/program files (x86)/atollic/truestudio for stm32 9.0.1/armtools/bin/../lib/gcc/arm-atollic-eabi/6.3.1/../../../../arm-atollic-eabi/lib/armv6-m\libc_nano.a(lib_a-nano-freer.o)
 .ARM.attributes
                0x00000854       0x2c c:/program files (x86)/atollic/truestudio for stm32 9.0.1/armtools/bin/../lib/gcc/arm-atollic-eabi/6.3.1/../../../../arm-atollic-eabi/lib/armv6-m\libc_nano.a(lib_a-readr.o)
 .ARM.attributes
                0x00000880       0x2c c:/program files (x86)/atollic/truestudio for stm32 9.0.1/armtools/bin/../lib/gcc/arm-atollic-eabi/6.3.1/../../../../arm-atollic-eabi/lib/armv6-m\libc_nano.a(lib_a-reent.o)
 .ARM.attributes
                0x000008ac       0x2c c:/program files (x86)/atollic/truestudio for stm32 9.0.1/armtools/bin/../lib/gcc/arm-atollic-eabi/6.3.1/../../../../arm-atollic-eabi/lib/armv6-m\libc_nano.a(lib_a-fstatr.o)
 .ARM.attributes
                0x000008d8       0x2c c:/program files (x86)/atollic/truestudio for stm32 9.0.1/armtools/bin/../lib/gcc/arm-atollic-eabi/6.3.1/../../../../arm-atollic-eabi/lib/armv6-m\libc_nano.a(lib_a-isattyr.o)
 .ARM.attributes
                0x00000904       0x1e c:/program files (x86)/atollic/truestudio for stm32 9.0.1/armtools/bin/../lib/gcc/arm-atollic-eabi/6.3.1/armv6-m\libgcc.a(_udivsi3.o)
 .ARM.attributes
                0x00000922       0x1e c:/program files (x86)/atollic/truestudio for stm32 9.0.1/armtools/bin/../lib/gcc/arm-atollic-eabi/6.3.1/armv6-m\libgcc.a(_dvmd_tls.o)
 .ARM.attributes
                0x00000940       0x1e c:/program files (x86)/atollic/truestudio for stm32 9.0.1/armtools/bin/../lib/gcc/arm-atollic-eabi/6.3.1/armv6-m\libgcc.a(_aeabi_uldivmod.o)
 .ARM.attributes
                0x0000095e       0x2c c:/program files (x86)/atollic/truestudio for stm32 9.0.1/armtools/bin/../lib/gcc/arm-atollic-eabi/6.3.1/armv6-m\libgcc.a(_udivmoddi4.o)
 .ARM.attributes
                0x0000098a       0x1e c:/program files (x86)/atollic/truestudio for stm32 9.0.1/armtools/bin/../lib/gcc/arm-atollic-eabi/6.3.1/armv6-m\libgcc.a(_clzdi2.o)
 .ARM.attributes
                0x000009a8       0x1e c:/program files (x86)/atollic/truestudio for stm32 9.0.1/armtools/bin/../lib/gcc/arm-atollic-eabi/6.3.1/armv6-m\libgcc.a(_clzsi2.o)
 .ARM.attributes
                0x000009c6       0x2c c:/program files (x86)/atollic/truestudio for stm32 9.0.1/armtools/bin/../lib/gcc/arm-atollic-eabi/6.3.1/../../../../arm-atollic-eabi/lib/armv6-m\libnosys.a(close.o)
 .ARM.attributes
                0x000009f2       0x2c c:/program files (x86)/atollic/truestudio for stm32 9.0.1/armtools/bin/../lib/gcc/arm-atollic-eabi/6.3.1/../../../../arm-atollic-eabi/lib/armv6-m\libnosys.a(fstat.o)
 .ARM.attributes
                0x00000a1e       0x2c c:/program files (x86)/atollic/truestudio for stm32 9.0.1/armtools/bin/../lib/gcc/arm-atollic-eabi/6.3.1/../../../../arm-atollic-eabi/lib/armv6-m\libnosys.a(isatty.o)
 .ARM.attributes
                0x00000a4a       0x2c c:/program files (x86)/atollic/truestudio for stm32 9.0.1/armtools/bin/../lib/gcc/arm-atollic-eabi/6.3.1/../../../../arm-atollic-eabi/lib/armv6-m\libnosys.a(lseek.o)
 .ARM.attributes
                0x00000a76       0x2c c:/program files (x86)/atollic/truestudio for stm32 9.0.1/armtools/bin/../lib/gcc/arm-atollic-eabi/6.3.1/../../../../arm-atollic-eabi/lib/armv6-m\libnosys.a(read.o)
 .ARM.attributes
                0x00000aa2       0x2c c:/program files (x86)/atollic/truestudio for stm32 9.0.1/armtools/bin/../lib/gcc/arm-atollic-eabi/6.3.1/../../../../arm-atollic-eabi/lib/armv6-m\libnosys.a(sbrk.o)
 .ARM.attributes
                0x00000ace       0x2c c:/program files (x86)/atollic/truestudio for stm32 9.0.1/armtools/bin/../lib/gcc/arm-atollic-eabi/6.3.1/../../../../arm-atollic-eabi/lib/armv6-m\libnosys.a(write.o)
 .ARM.attributes
                0x00000afa       0x1e c:/program files (x86)/atollic/truestudio for stm32 9.0.1/armtools/bin/../lib/gcc/arm-atollic-eabi/6.3.1/armv6-m/crtn.o
OUTPUT(JIG_Phone_v3.elf elf32-littlearm)

.debug_info     0x00000000    0x1a100
 .debug_info    0x00000000     0x172f Drivers\SDCard\sdcard.o
 .debug_info    0x0000172f      0xf2f Drivers\STM32L0xx_HAL_Driver\Src\stm32l0xx_hal.o
 .debug_info    0x0000265e     0x105c Drivers\STM32L0xx_HAL_Driver\Src\stm32l0xx_hal_cortex.o
 .debug_info    0x000036ba      0xe5a Drivers\STM32L0xx_HAL_Driver\Src\stm32l0xx_hal_dma.o
 .debug_info    0x00004514      0xec9 Drivers\STM32L0xx_HAL_Driver\Src\stm32l0xx_hal_gpio.o
 .debug_info    0x000053dd     0x10a0 Drivers\STM32L0xx_HAL_Driver\Src\stm32l0xx_hal_rcc.o
 .debug_info    0x0000647d      0xcec Drivers\STM32L0xx_HAL_Driver\Src\stm32l0xx_hal_rcc_ex.o
 .debug_info    0x00007169     0x12b0 Drivers\STM32L0xx_HAL_Driver\Src\stm32l0xx_hal_rtc.o
 .debug_info    0x00008419     0x16c7 Drivers\STM32L0xx_HAL_Driver\Src\stm32l0xx_hal_spi.o
 .debug_info    0x00009ae0     0x1c43 Drivers\STM32L0xx_HAL_Driver\Src\stm32l0xx_hal_uart.o
 .debug_info    0x0000b723      0xc70 Middlewares\Third_Party\FatFs\src\diskio.o
 .debug_info    0x0000c393     0x28e0 Middlewares\Third_Party\FatFs\src\ff.o
 .debug_info    0x0000ec73      0xc08 Middlewares\Third_Party\FatFs\src\ff_gen_drv.o
 .debug_info    0x0000f87b     0x186f Src\SchedNonOS.o
 .debug_info    0x000110ea     0x11ed Src\fatfs.o
 .debug_info    0x000122d7     0x2067 Src\main.o
 .debug_info    0x0001433e     0x13d5 Src\sdcard_spi.o
 .debug_info    0x00015713     0x16c9 Src\stm32l0xx_hal_msp.o
 .debug_info    0x00016ddc      0xe23 Src\stm32l0xx_it.o
 .debug_info    0x00017bff      0xb99 Src\system_stm32l0xx.o
 .debug_info    0x00018798      0xc78 Src\user_diskio.o
 .debug_info    0x00019410      0xc7d libs\ExProtocol\fifo8.o
 .debug_info    0x0001a08d       0x73 startup\startup_stm32l051xx.o

.debug_abbrev   0x00000000     0x34b7
 .debug_abbrev  0x00000000      0x2dc Drivers\SDCard\sdcard.o
 .debug_abbrev  0x000002dc      0x257 Drivers\STM32L0xx_HAL_Driver\Src\stm32l0xx_hal.o
 .debug_abbrev  0x00000533      0x2f5 Drivers\STM32L0xx_HAL_Driver\Src\stm32l0xx_hal_cortex.o
 .debug_abbrev  0x00000828      0x241 Drivers\STM32L0xx_HAL_Driver\Src\stm32l0xx_hal_dma.o
 .debug_abbrev  0x00000a69      0x243 Drivers\STM32L0xx_HAL_Driver\Src\stm32l0xx_hal_gpio.o
 .debug_abbrev  0x00000cac      0x29b Drivers\STM32L0xx_HAL_Driver\Src\stm32l0xx_hal_rcc.o
 .debug_abbrev  0x00000f47      0x253 Drivers\STM32L0xx_HAL_Driver\Src\stm32l0xx_hal_rcc_ex.o
 .debug_abbrev  0x0000119a      0x27b Drivers\STM32L0xx_HAL_Driver\Src\stm32l0xx_hal_rtc.o
 .debug_abbrev  0x00001415      0x287 Drivers\STM32L0xx_HAL_Driver\Src\stm32l0xx_hal_spi.o
 .debug_abbrev  0x0000169c      0x2b4 Drivers\STM32L0xx_HAL_Driver\Src\stm32l0xx_hal_uart.o
 .debug_abbrev  0x00001950      0x204 Middlewares\Third_Party\FatFs\src\diskio.o
 .debug_abbrev  0x00001b54      0x2dc Middlewares\Third_Party\FatFs\src\ff.o
 .debug_abbrev  0x00001e30      0x231 Middlewares\Third_Party\FatFs\src\ff_gen_drv.o
 .debug_abbrev  0x00002061      0x1fd Src\SchedNonOS.o
 .debug_abbrev  0x0000225e      0x24e Src\fatfs.o
 .debug_abbrev  0x000024ac      0x2f8 Src\main.o
 .debug_abbrev  0x000027a4      0x31f Src\sdcard_spi.o
 .debug_abbrev  0x00002ac3      0x230 Src\stm32l0xx_hal_msp.o
 .debug_abbrev  0x00002cf3      0x1b5 Src\stm32l0xx_it.o
 .debug_abbrev  0x00002ea8      0x1ca Src\system_stm32l0xx.o
 .debug_abbrev  0x00003072      0x227 Src\user_diskio.o
 .debug_abbrev  0x00003299      0x20c libs\ExProtocol\fifo8.o
 .debug_abbrev  0x000034a5       0x12 startup\startup_stm32l051xx.o

.debug_aranges  0x00000000      0xdc0
 .debug_aranges
                0x00000000       0xd0 Drivers\SDCard\sdcard.o
 .debug_aranges
                0x000000d0       0xe0 Drivers\STM32L0xx_HAL_Driver\Src\stm32l0xx_hal.o
 .debug_aranges
                0x000001b0       0xc8 Drivers\STM32L0xx_HAL_Driver\Src\stm32l0xx_hal_cortex.o
 .debug_aranges
                0x00000278       0x70 Drivers\STM32L0xx_HAL_Driver\Src\stm32l0xx_hal_dma.o
 .debug_aranges
                0x000002e8       0x58 Drivers\STM32L0xx_HAL_Driver\Src\stm32l0xx_hal_gpio.o
 .debug_aranges
                0x00000340       0x88 Drivers\STM32L0xx_HAL_Driver\Src\stm32l0xx_hal_rcc.o
 .debug_aranges
                0x000003c8       0x58 Drivers\STM32L0xx_HAL_Driver\Src\stm32l0xx_hal_rcc_ex.o
 .debug_aranges
                0x00000420       0xb8 Drivers\STM32L0xx_HAL_Driver\Src\stm32l0xx_hal_rtc.o
 .debug_aranges
                0x000004d8      0x150 Drivers\STM32L0xx_HAL_Driver\Src\stm32l0xx_hal_spi.o
 .debug_aranges
                0x00000628      0x1e8 Drivers\STM32L0xx_HAL_Driver\Src\stm32l0xx_hal_uart.o
 .debug_aranges
                0x00000810       0x48 Middlewares\Third_Party\FatFs\src\diskio.o
 .debug_aranges
                0x00000858      0x1e8 Middlewares\Third_Party\FatFs\src\ff.o
 .debug_aranges
                0x00000a40       0x40 Middlewares\Third_Party\FatFs\src\ff_gen_drv.o
 .debug_aranges
                0x00000a80       0x20 Src\SchedNonOS.o
 .debug_aranges
                0x00000aa0       0x30 Src\fatfs.o
 .debug_aranges
                0x00000ad0       0x80 Src\main.o
 .debug_aranges
                0x00000b50       0xa8 Src\sdcard_spi.o
 .debug_aranges
                0x00000bf8       0x50 Src\stm32l0xx_hal_msp.o
 .debug_aranges
                0x00000c48       0x58 Src\stm32l0xx_it.o
 .debug_aranges
                0x00000ca0       0x28 Src\system_stm32l0xx.o
 .debug_aranges
                0x00000cc8       0x40 Src\user_diskio.o
 .debug_aranges
                0x00000d08       0x90 libs\ExProtocol\fifo8.o
 .debug_aranges
                0x00000d98       0x28 startup\startup_stm32l051xx.o

.debug_ranges   0x00000000      0xc58
 .debug_ranges  0x00000000       0xc0 Drivers\SDCard\sdcard.o
 .debug_ranges  0x000000c0       0xd0 Drivers\STM32L0xx_HAL_Driver\Src\stm32l0xx_hal.o
 .debug_ranges  0x00000190       0xb8 Drivers\STM32L0xx_HAL_Driver\Src\stm32l0xx_hal_cortex.o
 .debug_ranges  0x00000248       0x60 Drivers\STM32L0xx_HAL_Driver\Src\stm32l0xx_hal_dma.o
 .debug_ranges  0x000002a8       0x48 Drivers\STM32L0xx_HAL_Driver\Src\stm32l0xx_hal_gpio.o
 .debug_ranges  0x000002f0       0x78 Drivers\STM32L0xx_HAL_Driver\Src\stm32l0xx_hal_rcc.o
 .debug_ranges  0x00000368       0x48 Drivers\STM32L0xx_HAL_Driver\Src\stm32l0xx_hal_rcc_ex.o
 .debug_ranges  0x000003b0       0xa8 Drivers\STM32L0xx_HAL_Driver\Src\stm32l0xx_hal_rtc.o
 .debug_ranges  0x00000458      0x140 Drivers\STM32L0xx_HAL_Driver\Src\stm32l0xx_hal_spi.o
 .debug_ranges  0x00000598      0x1d8 Drivers\STM32L0xx_HAL_Driver\Src\stm32l0xx_hal_uart.o
 .debug_ranges  0x00000770       0x38 Middlewares\Third_Party\FatFs\src\diskio.o
 .debug_ranges  0x000007a8      0x1d8 Middlewares\Third_Party\FatFs\src\ff.o
 .debug_ranges  0x00000980       0x30 Middlewares\Third_Party\FatFs\src\ff_gen_drv.o
 .debug_ranges  0x000009b0       0x10 Src\SchedNonOS.o
 .debug_ranges  0x000009c0       0x20 Src\fatfs.o
 .debug_ranges  0x000009e0       0x70 Src\main.o
 .debug_ranges  0x00000a50       0x98 Src\sdcard_spi.o
 .debug_ranges  0x00000ae8       0x40 Src\stm32l0xx_hal_msp.o
 .debug_ranges  0x00000b28       0x48 Src\stm32l0xx_it.o
 .debug_ranges  0x00000b70       0x18 Src\system_stm32l0xx.o
 .debug_ranges  0x00000b88       0x30 Src\user_diskio.o
 .debug_ranges  0x00000bb8       0x80 libs\ExProtocol\fifo8.o
 .debug_ranges  0x00000c38       0x20 startup\startup_stm32l051xx.o

.debug_line     0x00000000     0x91bd
 .debug_line    0x00000000      0x7e8 Drivers\SDCard\sdcard.o
 .debug_line    0x000007e8      0x495 Drivers\STM32L0xx_HAL_Driver\Src\stm32l0xx_hal.o
 .debug_line    0x00000c7d      0x5d2 Drivers\STM32L0xx_HAL_Driver\Src\stm32l0xx_hal_cortex.o
 .debug_line    0x0000124f      0x9ed Drivers\STM32L0xx_HAL_Driver\Src\stm32l0xx_hal_dma.o
 .debug_line    0x00001c3c      0x69e Drivers\STM32L0xx_HAL_Driver\Src\stm32l0xx_hal_gpio.o
 .debug_line    0x000022da      0x796 Drivers\STM32L0xx_HAL_Driver\Src\stm32l0xx_hal_rcc.o
 .debug_line    0x00002a70      0x4ea Drivers\STM32L0xx_HAL_Driver\Src\stm32l0xx_hal_rcc_ex.o
 .debug_line    0x00002f5a      0xa88 Drivers\STM32L0xx_HAL_Driver\Src\stm32l0xx_hal_rtc.o
 .debug_line    0x000039e2      0xbd3 Drivers\STM32L0xx_HAL_Driver\Src\stm32l0xx_hal_spi.o
 .debug_line    0x000045b5      0xeac Drivers\STM32L0xx_HAL_Driver\Src\stm32l0xx_hal_uart.o
 .debug_line    0x00005461      0x2ae Middlewares\Third_Party\FatFs\src\diskio.o
 .debug_line    0x0000570f     0x14be Middlewares\Third_Party\FatFs\src\ff.o
 .debug_line    0x00006bcd      0x2a8 Middlewares\Third_Party\FatFs\src\ff_gen_drv.o
 .debug_line    0x00006e75      0x441 Src\SchedNonOS.o
 .debug_line    0x000072b6      0x382 Src\fatfs.o
 .debug_line    0x00007638      0x597 Src\main.o
 .debug_line    0x00007bcf      0x59d Src\sdcard_spi.o
 .debug_line    0x0000816c      0x3a7 Src\stm32l0xx_hal_msp.o
 .debug_line    0x00008513      0x300 Src\stm32l0xx_it.o
 .debug_line    0x00008813      0x278 Src\system_stm32l0xx.o
 .debug_line    0x00008a8b      0x2da Src\user_diskio.o
 .debug_line    0x00008d65      0x3d5 libs\ExProtocol\fifo8.o
 .debug_line    0x0000913a       0x83 startup\startup_stm32l051xx.o

.debug_str      0x00000000     0x3981
 .debug_str     0x00000000      0xb87 Drivers\SDCard\sdcard.o
                                0xcb5 (size before relaxing)
 .debug_str     0x00000b87      0x53f Drivers\STM32L0xx_HAL_Driver\Src\stm32l0xx_hal.o
                                0xb70 (size before relaxing)
 .debug_str     0x000010c6      0x2e5 Drivers\STM32L0xx_HAL_Driver\Src\stm32l0xx_hal_cortex.o
                                0xb24 (size before relaxing)
 .debug_str     0x000013ab      0x178 Drivers\STM32L0xx_HAL_Driver\Src\stm32l0xx_hal_dma.o
                                0x9a1 (size before relaxing)
 .debug_str     0x00001523      0x14b Drivers\STM32L0xx_HAL_Driver\Src\stm32l0xx_hal_gpio.o
                                0x8bf (size before relaxing)
 .debug_str     0x0000166e      0x322 Drivers\STM32L0xx_HAL_Driver\Src\stm32l0xx_hal_rcc.o
                                0xaac (size before relaxing)
 .debug_str     0x00001990      0x1ef Drivers\STM32L0xx_HAL_Driver\Src\stm32l0xx_hal_rcc_ex.o
                                0x8ff (size before relaxing)
 .debug_str     0x00001b7f      0x422 Drivers\STM32L0xx_HAL_Driver\Src\stm32l0xx_hal_rtc.o
                                0xaf6 (size before relaxing)
 .debug_str     0x00001fa1      0x398 Drivers\STM32L0xx_HAL_Driver\Src\stm32l0xx_hal_spi.o
                                0xdb4 (size before relaxing)
 .debug_str     0x00002339      0x8f3 Drivers\STM32L0xx_HAL_Driver\Src\stm32l0xx_hal_uart.o
                               0x127d (size before relaxing)
 .debug_str     0x00002c2c       0xc6 Middlewares\Third_Party\FatFs\src\diskio.o
                                0x707 (size before relaxing)
 .debug_str     0x00002cf2      0x55b Middlewares\Third_Party\FatFs\src\ff.o
                                0xbf3 (size before relaxing)
 .debug_str     0x0000324d       0xa2 Middlewares\Third_Party\FatFs\src\ff_gen_drv.o
                                0x758 (size before relaxing)
 .debug_str     0x000032ef      0x169 Src\SchedNonOS.o
                               0x1119 (size before relaxing)
 .debug_str     0x00003458       0x4d Src\fatfs.o
                                0xb9b (size before relaxing)
 .debug_str     0x000034a5       0xf0 Src\main.o
                               0x167e (size before relaxing)
 .debug_str     0x00003595      0x18a Src\sdcard_spi.o
                                0xca7 (size before relaxing)
 .debug_str     0x0000371f       0x1b Src\stm32l0xx_hal_msp.o
                               0x1093 (size before relaxing)
 .debug_str     0x0000373a       0xa9 Src\stm32l0xx_it.o
                                0xa86 (size before relaxing)
 .debug_str     0x000037e3       0x5c Src\system_stm32l0xx.o
                                0x711 (size before relaxing)
 .debug_str     0x0000383f       0x51 Src\user_diskio.o
                                0x7bd (size before relaxing)
 .debug_str     0x00003890       0xf1 libs\ExProtocol\fifo8.o
                                0x729 (size before relaxing)

.comment        0x00000000       0x7c
 .comment       0x00000000       0x7c Drivers\SDCard\sdcard.o
                                 0x7d (size before relaxing)
 .comment       0x0000007c       0x7d Drivers\STM32L0xx_HAL_Driver\Src\stm32l0xx_hal.o
 .comment       0x0000007c       0x7d Drivers\STM32L0xx_HAL_Driver\Src\stm32l0xx_hal_cortex.o
 .comment       0x0000007c       0x7d Drivers\STM32L0xx_HAL_Driver\Src\stm32l0xx_hal_dma.o
 .comment       0x0000007c       0x7d Drivers\STM32L0xx_HAL_Driver\Src\stm32l0xx_hal_gpio.o
 .comment       0x0000007c       0x7d Drivers\STM32L0xx_HAL_Driver\Src\stm32l0xx_hal_rcc.o
 .comment       0x0000007c       0x7d Drivers\STM32L0xx_HAL_Driver\Src\stm32l0xx_hal_rcc_ex.o
 .comment       0x0000007c       0x7d Drivers\STM32L0xx_HAL_Driver\Src\stm32l0xx_hal_rtc.o
 .comment       0x0000007c       0x7d Drivers\STM32L0xx_HAL_Driver\Src\stm32l0xx_hal_spi.o
 .comment       0x0000007c       0x7d Drivers\STM32L0xx_HAL_Driver\Src\stm32l0xx_hal_uart.o
 .comment       0x0000007c       0x7d Middlewares\Third_Party\FatFs\src\diskio.o
 .comment       0x0000007c       0x7d Middlewares\Third_Party\FatFs\src\ff.o
 .comment       0x0000007c       0x7d Middlewares\Third_Party\FatFs\src\ff_gen_drv.o
 .comment       0x0000007c       0x7d Src\SchedNonOS.o
 .comment       0x0000007c       0x7d Src\fatfs.o
 .comment       0x0000007c       0x7d Src\main.o
 .comment       0x0000007c       0x7d Src\sdcard_spi.o
 .comment       0x0000007c       0x7d Src\stm32l0xx_hal_msp.o
 .comment       0x0000007c       0x7d Src\stm32l0xx_it.o
 .comment       0x0000007c       0x7d Src\system_stm32l0xx.o
 .comment       0x0000007c       0x7d Src\user_diskio.o
 .comment       0x0000007c       0x7d libs\ExProtocol\fifo8.o

.debug_frame    0x00000000     0x36e8
 .debug_frame   0x00000000      0x2ec Drivers\SDCard\sdcard.o
 .debug_frame   0x000002ec      0x2e0 Drivers\STM32L0xx_HAL_Driver\Src\stm32l0xx_hal.o
 .debug_frame   0x000005cc      0x2c4 Drivers\STM32L0xx_HAL_Driver\Src\stm32l0xx_hal_cortex.o
 .debug_frame   0x00000890      0x170 Drivers\STM32L0xx_HAL_Driver\Src\stm32l0xx_hal_dma.o
 .debug_frame   0x00000a00      0x110 Drivers\STM32L0xx_HAL_Driver\Src\stm32l0xx_hal_gpio.o
 .debug_frame   0x00000b10      0x1b8 Drivers\STM32L0xx_HAL_Driver\Src\stm32l0xx_hal_rcc.o
 .debug_frame   0x00000cc8       0xfc Drivers\STM32L0xx_HAL_Driver\Src\stm32l0xx_hal_rcc_ex.o
 .debug_frame   0x00000dc4      0x290 Drivers\STM32L0xx_HAL_Driver\Src\stm32l0xx_hal_rtc.o
 .debug_frame   0x00001054      0x4f0 Drivers\STM32L0xx_HAL_Driver\Src\stm32l0xx_hal_spi.o
 .debug_frame   0x00001544      0x754 Drivers\STM32L0xx_HAL_Driver\Src\stm32l0xx_hal_uart.o
 .debug_frame   0x00001c98       0xd8 Middlewares\Third_Party\FatFs\src\diskio.o
 .debug_frame   0x00001d70      0x754 Middlewares\Third_Party\FatFs\src\ff.o
 .debug_frame   0x000024c4       0xac Middlewares\Third_Party\FatFs\src\ff_gen_drv.o
 .debug_frame   0x00002570       0x34 Src\SchedNonOS.o
 .debug_frame   0x000025a4       0x6c Src\fatfs.o
 .debug_frame   0x00002610      0x198 Src\main.o
 .debug_frame   0x000027a8      0x234 Src\sdcard_spi.o
 .debug_frame   0x000029dc       0xec Src\stm32l0xx_hal_msp.o
 .debug_frame   0x00002ac8       0xf0 Src\stm32l0xx_it.o
 .debug_frame   0x00002bb8       0x4c Src\system_stm32l0xx.o
 .debug_frame   0x00002c04       0xb0 Src\user_diskio.o
 .debug_frame   0x00002cb4      0x1f0 libs\ExProtocol\fifo8.o
 .debug_frame   0x00002ea4       0x2c c:/program files (x86)/atollic/truestudio for stm32 9.0.1/armtools/bin/../lib/gcc/arm-atollic-eabi/6.3.1/../../../../arm-atollic-eabi/lib/armv6-m\libc_nano.a(lib_a-init.o)
 .debug_frame   0x00002ed0       0x20 c:/program files (x86)/atollic/truestudio for stm32 9.0.1/armtools/bin/../lib/gcc/arm-atollic-eabi/6.3.1/../../../../arm-atollic-eabi/lib/armv6-m\libc_nano.a(lib_a-memset.o)
 .debug_frame   0x00002ef0       0x50 c:/program files (x86)/atollic/truestudio for stm32 9.0.1/armtools/bin/../lib/gcc/arm-atollic-eabi/6.3.1/../../../../arm-atollic-eabi/lib/armv6-m\libc_nano.a(lib_a-printf.o)
 .debug_frame   0x00002f40      0x140 c:/program files (x86)/atollic/truestudio for stm32 9.0.1/armtools/bin/../lib/gcc/arm-atollic-eabi/6.3.1/../../../../arm-atollic-eabi/lib/armv6-m\libc_nano.a(lib_a-findfp.o)
 .debug_frame   0x00003080       0x58 c:/program files (x86)/atollic/truestudio for stm32 9.0.1/armtools/bin/../lib/gcc/arm-atollic-eabi/6.3.1/../../../../arm-atollic-eabi/lib/armv6-m\libc_nano.a(lib_a-fwalk.o)
 .debug_frame   0x000030d8       0x2c c:/program files (x86)/atollic/truestudio for stm32 9.0.1/armtools/bin/../lib/gcc/arm-atollic-eabi/6.3.1/../../../../arm-atollic-eabi/lib/armv6-m\libc_nano.a(lib_a-nano-mallocr.o)
 .debug_frame   0x00003104       0x9c c:/program files (x86)/atollic/truestudio for stm32 9.0.1/armtools/bin/../lib/gcc/arm-atollic-eabi/6.3.1/../../../../arm-atollic-eabi/lib/armv6-m\libc_nano.a(lib_a-nano-vfprintf.o)
 .debug_frame   0x000031a0       0x54 c:/program files (x86)/atollic/truestudio for stm32 9.0.1/armtools/bin/../lib/gcc/arm-atollic-eabi/6.3.1/../../../../arm-atollic-eabi/lib/armv6-m\libc_nano.a(lib_a-nano-vfprintf_i.o)
 .debug_frame   0x000031f4       0x2c c:/program files (x86)/atollic/truestudio for stm32 9.0.1/armtools/bin/../lib/gcc/arm-atollic-eabi/6.3.1/../../../../arm-atollic-eabi/lib/armv6-m\libc_nano.a(lib_a-sbrkr.o)
 .debug_frame   0x00003220       0x90 c:/program files (x86)/atollic/truestudio for stm32 9.0.1/armtools/bin/../lib/gcc/arm-atollic-eabi/6.3.1/../../../../arm-atollic-eabi/lib/armv6-m\libc_nano.a(lib_a-stdio.o)
 .debug_frame   0x000032b0       0x48 c:/program files (x86)/atollic/truestudio for stm32 9.0.1/armtools/bin/../lib/gcc/arm-atollic-eabi/6.3.1/../../../../arm-atollic-eabi/lib/armv6-m\libc_nano.a(lib_a-wbuf.o)
 .debug_frame   0x000032f8       0x2c c:/program files (x86)/atollic/truestudio for stm32 9.0.1/armtools/bin/../lib/gcc/arm-atollic-eabi/6.3.1/../../../../arm-atollic-eabi/lib/armv6-m\libc_nano.a(lib_a-writer.o)
 .debug_frame   0x00003324       0x2c c:/program files (x86)/atollic/truestudio for stm32 9.0.1/armtools/bin/../lib/gcc/arm-atollic-eabi/6.3.1/../../../../arm-atollic-eabi/lib/armv6-m\libc_nano.a(lib_a-wsetup.o)
 .debug_frame   0x00003350       0x2c c:/program files (x86)/atollic/truestudio for stm32 9.0.1/armtools/bin/../lib/gcc/arm-atollic-eabi/6.3.1/../../../../arm-atollic-eabi/lib/armv6-m\libc_nano.a(lib_a-closer.o)
 .debug_frame   0x0000337c       0x68 c:/program files (x86)/atollic/truestudio for stm32 9.0.1/armtools/bin/../lib/gcc/arm-atollic-eabi/6.3.1/../../../../arm-atollic-eabi/lib/armv6-m\libc_nano.a(lib_a-fflush.o)
 .debug_frame   0x000033e4       0x2c c:/program files (x86)/atollic/truestudio for stm32 9.0.1/armtools/bin/../lib/gcc/arm-atollic-eabi/6.3.1/../../../../arm-atollic-eabi/lib/armv6-m\libc_nano.a(lib_a-lseekr.o)
 .debug_frame   0x00003410       0x54 c:/program files (x86)/atollic/truestudio for stm32 9.0.1/armtools/bin/../lib/gcc/arm-atollic-eabi/6.3.1/../../../../arm-atollic-eabi/lib/armv6-m\libc_nano.a(lib_a-makebuf.o)
 .debug_frame   0x00003464       0x20 c:/program files (x86)/atollic/truestudio for stm32 9.0.1/armtools/bin/../lib/gcc/arm-atollic-eabi/6.3.1/../../../../arm-atollic-eabi/lib/armv6-m\libc_nano.a(lib_a-memchr-stub.o)
 .debug_frame   0x00003484       0x30 c:/program files (x86)/atollic/truestudio for stm32 9.0.1/armtools/bin/../lib/gcc/arm-atollic-eabi/6.3.1/../../../../arm-atollic-eabi/lib/armv6-m\libc_nano.a(lib_a-mlock.o)
 .debug_frame   0x000034b4       0x2c c:/program files (x86)/atollic/truestudio for stm32 9.0.1/armtools/bin/../lib/gcc/arm-atollic-eabi/6.3.1/../../../../arm-atollic-eabi/lib/armv6-m\libc_nano.a(lib_a-nano-freer.o)
 .debug_frame   0x000034e0       0x2c c:/program files (x86)/atollic/truestudio for stm32 9.0.1/armtools/bin/../lib/gcc/arm-atollic-eabi/6.3.1/../../../../arm-atollic-eabi/lib/armv6-m\libc_nano.a(lib_a-readr.o)
 .debug_frame   0x0000350c       0x48 c:/program files (x86)/atollic/truestudio for stm32 9.0.1/armtools/bin/../lib/gcc/arm-atollic-eabi/6.3.1/../../../../arm-atollic-eabi/lib/armv6-m\libc_nano.a(lib_a-reent.o)
 .debug_frame   0x00003554       0x2c c:/program files (x86)/atollic/truestudio for stm32 9.0.1/armtools/bin/../lib/gcc/arm-atollic-eabi/6.3.1/../../../../arm-atollic-eabi/lib/armv6-m\libc_nano.a(lib_a-fstatr.o)
 .debug_frame   0x00003580       0x2c c:/program files (x86)/atollic/truestudio for stm32 9.0.1/armtools/bin/../lib/gcc/arm-atollic-eabi/6.3.1/../../../../arm-atollic-eabi/lib/armv6-m\libc_nano.a(lib_a-isattyr.o)
 .debug_frame   0x000035ac       0x20 c:/program files (x86)/atollic/truestudio for stm32 9.0.1/armtools/bin/../lib/gcc/arm-atollic-eabi/6.3.1/armv6-m\libgcc.a(_udivsi3.o)
 .debug_frame   0x000035cc       0x3c c:/program files (x86)/atollic/truestudio for stm32 9.0.1/armtools/bin/../lib/gcc/arm-atollic-eabi/6.3.1/armv6-m\libgcc.a(_udivmoddi4.o)
 .debug_frame   0x00003608       0x20 c:/program files (x86)/atollic/truestudio for stm32 9.0.1/armtools/bin/../lib/gcc/arm-atollic-eabi/6.3.1/../../../../arm-atollic-eabi/lib/armv6-m\libnosys.a(close.o)
 .debug_frame   0x00003628       0x20 c:/program files (x86)/atollic/truestudio for stm32 9.0.1/armtools/bin/../lib/gcc/arm-atollic-eabi/6.3.1/../../../../arm-atollic-eabi/lib/armv6-m\libnosys.a(fstat.o)
 .debug_frame   0x00003648       0x20 c:/program files (x86)/atollic/truestudio for stm32 9.0.1/armtools/bin/../lib/gcc/arm-atollic-eabi/6.3.1/../../../../arm-atollic-eabi/lib/armv6-m\libnosys.a(isatty.o)
 .debug_frame   0x00003668       0x20 c:/program files (x86)/atollic/truestudio for stm32 9.0.1/armtools/bin/../lib/gcc/arm-atollic-eabi/6.3.1/../../../../arm-atollic-eabi/lib/armv6-m\libnosys.a(lseek.o)
 .debug_frame   0x00003688       0x20 c:/program files (x86)/atollic/truestudio for stm32 9.0.1/armtools/bin/../lib/gcc/arm-atollic-eabi/6.3.1/../../../../arm-atollic-eabi/lib/armv6-m\libnosys.a(read.o)
 .debug_frame   0x000036a8       0x20 c:/program files (x86)/atollic/truestudio for stm32 9.0.1/armtools/bin/../lib/gcc/arm-atollic-eabi/6.3.1/../../../../arm-atollic-eabi/lib/armv6-m\libnosys.a(sbrk.o)
 .debug_frame   0x000036c8       0x20 c:/program files (x86)/atollic/truestudio for stm32 9.0.1/armtools/bin/../lib/gcc/arm-atollic-eabi/6.3.1/../../../../arm-atollic-eabi/lib/armv6-m\libnosys.a(write.o)

.stab           0x00000000       0x9c
 .stab          0x00000000       0x24 c:/program files (x86)/atollic/truestudio for stm32 9.0.1/armtools/bin/../lib/gcc/arm-atollic-eabi/6.3.1/../../../../arm-atollic-eabi/lib/armv6-m\libnosys.a(close.o)
 .stab          0x00000024       0x18 c:/program files (x86)/atollic/truestudio for stm32 9.0.1/armtools/bin/../lib/gcc/arm-atollic-eabi/6.3.1/../../../../arm-atollic-eabi/lib/armv6-m\libnosys.a(fstat.o)
                                 0x24 (size before relaxing)
 .stab          0x0000003c       0x18 c:/program files (x86)/atollic/truestudio for stm32 9.0.1/armtools/bin/../lib/gcc/arm-atollic-eabi/6.3.1/../../../../arm-atollic-eabi/lib/armv6-m\libnosys.a(isatty.o)
                                 0x24 (size before relaxing)
 .stab          0x00000054       0x18 c:/program files (x86)/atollic/truestudio for stm32 9.0.1/armtools/bin/../lib/gcc/arm-atollic-eabi/6.3.1/../../../../arm-atollic-eabi/lib/armv6-m\libnosys.a(lseek.o)
                                 0x24 (size before relaxing)
 .stab          0x0000006c       0x18 c:/program files (x86)/atollic/truestudio for stm32 9.0.1/armtools/bin/../lib/gcc/arm-atollic-eabi/6.3.1/../../../../arm-atollic-eabi/lib/armv6-m\libnosys.a(read.o)
                                 0x24 (size before relaxing)
 .stab          0x00000084       0x18 c:/program files (x86)/atollic/truestudio for stm32 9.0.1/armtools/bin/../lib/gcc/arm-atollic-eabi/6.3.1/../../../../arm-atollic-eabi/lib/armv6-m\libnosys.a(write.o)
                                 0x24 (size before relaxing)

.stabstr        0x00000000      0x14d
 .stabstr       0x00000000      0x14d c:/program files (x86)/atollic/truestudio for stm32 9.0.1/armtools/bin/../lib/gcc/arm-atollic-eabi/6.3.1/../../../../arm-atollic-eabi/lib/armv6-m\libnosys.a(close.o)
