sdcard.c:37:5:SD_WaitReadyByHWPin	24	static
sdcard.c:54:5:SD_WaitReadyByCommand	40	static
sdcard.c:73:16:CRC7_one	24	static
sdcard.c:86:9:CRC7_buf	32	static
sdcard.c:94:17:CRC16_one	16	static
sdcard.c:104:10:CRC16_buf	32	static
sdcard.c:112:6:SD_SPI_Init	16	static
sdcard.c:129:6:SD_Init	8	static
sdcard.c:160:9:SD_SendRecv	32	static
sdcard.c:177:9:SD_SendCmd	32	static
sdcard.c:202:10:SD_SendCmd_2	32	static
sdcard.c:234:9:SD_SendCmd_n	48	static
sdcard.c:274:9:SD_CardInit	32	static
sdcard.c:385:9:SD_Read_CSD	32	static
sdcard.c:443:9:SD_Read_CID	24	static
sdcard.c:478:9:SD_Read_Block	40	static
sdcard.c:528:9:SD_Write_Block	40	static
sdcard.c:608:9:SD_WriteMultiBlock	48	static
sdcard.c:724:9:SD_ReadMultiBlock	48	static
sdcard.c:773:9:MySD_SPI_Trasmit	32	static
sdcard.c:779:9:MySD_SPI_TrasmitReceive	40	static
sdcard.c:786:9:MySD_SendCmd	32	static
sdcard.c:811:9:My_SDInit	16	static
