main.c:108:6:HAL_GPIO_EXTI_Callback	16	static
main.c:116:6:HAL_UART_RxCpltCallback	24	static
main.c:169:5:main	8	static
main.c:227:6:SystemClock_Config	112	static
main.c:291:13:MX_LPUART1_UART_Init	8	static
main.c:311:13:MX_USART1_UART_Init	8	static
main.c:332:13:MX_USART2_UART_Init	8	static
main.c:353:13:MX_RTC_Init	8	static
main.c:404:13:MX_SPI1_Init	8	static
main.c:430:13:MX_DMA_Init	16	static
main.c:452:13:MX_GPIO_Init	40	static
main.c:499:6:_Error_Handler	16	static
main.c:517:6:assert_failed	16	static
