sdcard_spi.c:83:16:TM_SPI_Send	32	static
sdcard_spi.c:97:16:SDCARD_IsDetected	8	static
sdcard_spi.c:108:16:SDCARD_IsWriteEnabled	8	static
sdcard_spi.c:119:13:init_spi	8	static
sdcard_spi.c:139:13:rcvr_spi_multi	32	static
sdcard_spi.c:155:13:xmit_spi_multi	32	static
sdcard_spi.c:173:12:wait_ready	32	static
sdcard_spi.c:193:13:deselect	8	static
sdcard_spi.c:202:12:sd_select	8	static
sdcard_spi.c:217:12:rcvr_datablock	32	static
sdcard_spi.c:242:12:xmit_datablock	32	static
sdcard_spi.c:272:13:send_cmd	32	static
sdcard_spi.c:312:6:TM_FATFS_InitPins	8	static
sdcard_spi.c:346:9:TM_FATFS_SD_disk_initialize	32	static
sdcard_spi.c:411:9:TM_FATFS_SD_disk_status	8	static
sdcard_spi.c:430:9:TM_FATFS_SD_disk_read	40	static
sdcard_spi.c:461:9:TM_FATFS_SD_disk_write	40	static
sdcard_spi.c:502:9:TM_FATFS_SD_disk_ioctl	32	static
